Component: ARM Compiler 5.06 update 7 (build 960) Tool: armlink [4d3601]

==============================================================================

Section Cross References

    startup_stm32f103xb.o(STACK) refers (Special) to heapauxi.o(.text) for __use_two_region_memory
    startup_stm32f103xb.o(HEAP) refers (Special) to heapauxi.o(.text) for __use_two_region_memory
    startup_stm32f103xb.o(RESET) refers (Special) to heapauxi.o(.text) for __use_two_region_memory
    startup_stm32f103xb.o(RESET) refers to startup_stm32f103xb.o(STACK) for __initial_sp
    startup_stm32f103xb.o(RESET) refers to startup_stm32f103xb.o(.text) for Reset_Handler
    startup_stm32f103xb.o(RESET) refers to stm32f1xx_it.o(i.NMI_Handler) for NMI_Handler
    startup_stm32f103xb.o(RESET) refers to stm32f1xx_it.o(i.HardFault_Handler) for HardFault_Handler
    startup_stm32f103xb.o(RESET) refers to stm32f1xx_it.o(i.MemManage_Handler) for MemManage_Handler
    startup_stm32f103xb.o(RESET) refers to stm32f1xx_it.o(i.BusFault_Handler) for BusFault_Handler
    startup_stm32f103xb.o(RESET) refers to stm32f1xx_it.o(i.UsageFault_Handler) for UsageFault_Handler
    startup_stm32f103xb.o(RESET) refers to stm32f1xx_it.o(i.SVC_Handler) for SVC_Handler
    startup_stm32f103xb.o(RESET) refers to stm32f1xx_it.o(i.DebugMon_Handler) for DebugMon_Handler
    startup_stm32f103xb.o(RESET) refers to stm32f1xx_it.o(i.PendSV_Handler) for PendSV_Handler
    startup_stm32f103xb.o(RESET) refers to stm32f1xx_it.o(i.SysTick_Handler) for SysTick_Handler
    startup_stm32f103xb.o(RESET) refers to stm32f1xx_it.o(i.USB_HP_CAN1_TX_IRQHandler) for USB_HP_CAN1_TX_IRQHandler
    startup_stm32f103xb.o(RESET) refers to stm32f1xx_it.o(i.USB_LP_CAN1_RX0_IRQHandler) for USB_LP_CAN1_RX0_IRQHandler
    startup_stm32f103xb.o(RESET) refers to stm32f1xx_it.o(i.TIM4_IRQHandler) for TIM4_IRQHandler
    startup_stm32f103xb.o(RESET) refers to stm32f1xx_it.o(i.USART1_IRQHandler) for USART1_IRQHandler
    startup_stm32f103xb.o(RESET) refers to stm32f1xx_it.o(i.USART3_IRQHandler) for USART3_IRQHandler
    startup_stm32f103xb.o(.text) refers (Special) to heapauxi.o(.text) for __use_two_region_memory
    startup_stm32f103xb.o(.text) refers to system_stm32f1xx.o(i.SystemInit) for SystemInit
    startup_stm32f103xb.o(.text) refers to __main.o(!!!main) for __main
    startup_stm32f103xb.o(.text) refers to startup_stm32f103xb.o(HEAP) for Heap_Mem
    startup_stm32f103xb.o(.text) refers to startup_stm32f103xb.o(STACK) for Stack_Mem
    main.o(i.HAL_TIM_PeriodElapsedCallback) refers to _printf_percent.o(.ARM.Collect$$_printf_percent$$00000000) for _printf_percent
    main.o(i.HAL_TIM_PeriodElapsedCallback) refers to _printf_d.o(.ARM.Collect$$_printf_percent$$00000009) for _printf_d
    main.o(i.HAL_TIM_PeriodElapsedCallback) refers to _printf_dec.o(.text) for _printf_int_dec
    main.o(i.HAL_TIM_PeriodElapsedCallback) refers to fflt_clz.o(x$fpl$fflt) for __aeabi_i2f
    main.o(i.HAL_TIM_PeriodElapsedCallback) refers to ffix.o(x$fpl$ffix) for __aeabi_f2iz
    main.o(i.HAL_TIM_PeriodElapsedCallback) refers to dflt_clz.o(x$fpl$dflt) for __aeabi_i2d
    main.o(i.HAL_TIM_PeriodElapsedCallback) refers to dmul.o(x$fpl$dmul) for __aeabi_dmul
    main.o(i.HAL_TIM_PeriodElapsedCallback) refers to daddsub_clz.o(x$fpl$dadd) for __aeabi_dadd
    main.o(i.HAL_TIM_PeriodElapsedCallback) refers to dfix.o(x$fpl$dfix) for __aeabi_d2iz
    main.o(i.HAL_TIM_PeriodElapsedCallback) refers to pid.o(i.PID_calc) for PID_calc
    main.o(i.HAL_TIM_PeriodElapsedCallback) refers to stm32f1xx_hal_gpio.o(i.HAL_GPIO_WritePin) for HAL_GPIO_WritePin
    main.o(i.HAL_TIM_PeriodElapsedCallback) refers to noretval__2sprintf.o(.text) for __2sprintf
    main.o(i.HAL_TIM_PeriodElapsedCallback) refers to strlen.o(.text) for strlen
    main.o(i.HAL_TIM_PeriodElapsedCallback) refers to stm32f1xx_hal_uart.o(i.HAL_UART_Transmit) for HAL_UART_Transmit
    main.o(i.HAL_TIM_PeriodElapsedCallback) refers to tim.o(.bss) for htim2
    main.o(i.HAL_TIM_PeriodElapsedCallback) refers to main.o(.data) for .data
    main.o(i.HAL_TIM_PeriodElapsedCallback) refers to main.o(.bss) for .bss
    main.o(i.HAL_TIM_PeriodElapsedCallback) refers to usart.o(.bss) for huart2
    main.o(i.HAL_UART_RxCpltCallback) refers to stm32f1xx_hal_uart.o(i.HAL_UART_Receive_IT) for HAL_UART_Receive_IT
    main.o(i.HAL_UART_RxCpltCallback) refers to main.o(.data) for .data
    main.o(i.HAL_UART_RxCpltCallback) refers to usart.o(.bss) for huart1
    main.o(i.SystemClock_Config) refers to rt_memclr_w.o(.text) for __aeabi_memclr4
    main.o(i.SystemClock_Config) refers to stm32f1xx_hal_rcc.o(i.HAL_RCC_OscConfig) for HAL_RCC_OscConfig
    main.o(i.SystemClock_Config) refers to stm32f1xx_hal_rcc.o(i.HAL_RCC_ClockConfig) for HAL_RCC_ClockConfig
    main.o(i.main) refers to stm32f1xx_hal.o(i.HAL_Init) for HAL_Init
    main.o(i.main) refers to main.o(i.SystemClock_Config) for SystemClock_Config
    main.o(i.main) refers to gpio.o(i.MX_GPIO_Init) for MX_GPIO_Init
[...]
    dmp_memory                               0x08006d38   Data        3062  inv_mpu_dmp_motion_driver.o(.constdata)
    .constdata                               0x08007930   Section       80  asin.o(.constdata)
    pS                                       0x08007930   Data          48  asin.o(.constdata)
    qS                                       0x08007960   Data          32  asin.o(.constdata)
    .constdata                               0x08007980   Section      152  atan.o(.constdata)
    atanhi                                   0x08007980   Data          32  atan.o(.constdata)
    atanlo                                   0x080079a0   Data          32  atan.o(.constdata)
    aTodd                                    0x080079c0   Data          40  atan.o(.constdata)
    aTeven                                   0x080079e8   Data          48  atan.o(.constdata)
    .constdata                               0x08007a18   Section        8  qnan.o(.constdata)
    .data                                    0x20000000   Section      100  main.o(.data)
    .data                                    0x20000064   Section       12  stm32f1xx_hal.o(.data)
    .data                                    0x20000070   Section        4  system_stm32f1xx.o(.data)
    .data                                    0x20000074   Section       44  inv_mpu.o(.data)
    st                                       0x20000074   Data          44  inv_mpu.o(.data)
    .data                                    0x200000a0   Section        9  mpu6050.o(.data)
    gyro_orientation                         0x200000a0   Data           9  mpu6050.o(.data)
    .bss                                     0x200000ac   Section      312  main.o(.bss)
    TxHeader                                 0x200001cc   Data          24  main.o(.bss)
    .bss                                     0x200001e4   Section       40  can.o(.bss)
    .bss                                     0x2000020c   Section       84  i2c.o(.bss)
    .bss                                     0x20000260   Section      288  tim.o(.bss)
    .bss                                     0x20000380   Section      216  usart.o(.bss)
    .bss                                     0x20000458   Section       16  inv_mpu_dmp_motion_driver.o(.bss)
    dmp                                      0x20000458   Data          16  inv_mpu_dmp_motion_driver.o(.bss)
    .bss                                     0x20000468   Section       96  libspace.o(.bss)
    HEAP                                     0x200004c8   Section      512  startup_stm32f103xb.o(HEAP)
    Heap_Mem                                 0x200004c8   Data         512  startup_stm32f103xb.o(HEAP)
    STACK                                    0x200006c8   Section     1024  startup_stm32f103xb.o(STACK)
    Stack_Mem                                0x200006c8   Data        1024  startup_stm32f103xb.o(STACK)
    __initial_sp                             0x20000ac8   Data           0  startup_stm32f103xb.o(STACK)

    Global Symbols

    Symbol Name                              Value     Ov Type        Size  Object(Section)

    BuildAttributes$$THM_ISAv4$P$D$K$B$S$PE$A:L22UL41UL21$X:L11$S22US41US21$IEEE1$IW$USESV6$~STKCKD$USESV7$~SHL$OTIME$ROPI$IEEEX$EBA8$UX$STANDARDLIB$REQ8$PRES8$EABIv2 0x00000000   Number         0  anon$$obj.o ABSOLUTE
    __ARM_use_no_argv                        0x00000000   Number         0  main.o ABSOLUTE
    __ARM_exceptions_init                     - Undefined Weak Reference
    __alloca_initialize                       - Undefined Weak Reference
    __arm_fini_                               - Undefined Weak Reference
    __arm_preinit_                            - Undefined Weak Reference
    __cpp_initialize__aeabi_                  - Undefined Weak Reference
    __cxa_finalize                            - Undefined Weak Reference
    __rt_locale                               - Undefined Weak Reference
    __sigvec_lookup                           - Undefined Weak Reference
    _atexit_init                              - Undefined Weak Reference
    _call_atexit_fns                          - Undefined Weak Reference
    _clock_init                               - Undefined Weak Reference
    _fp_trap_init                             - Undefined Weak Reference
    _fp_trap_shutdown                         - Undefined Weak Reference
    _get_lc_collate                           - Undefined Weak Reference
    _get_lc_ctype                             - Undefined Weak Reference
    _get_lc_monetary                          - Undefined Weak Reference
    _get_lc_numeric                           - Undefined Weak Reference
    _get_lc_time                              - Undefined Weak Reference
    _getenv_init                              - Undefined Weak Reference
    _handle_redirection                       - Undefined Weak Reference
    _init_alloc                               - Undefined Weak Reference
    _init_user_alloc                          - Undefined Weak Reference
    _initio                                   - Undefined Weak Reference
    _printf_post_padding                      - Undefined Weak Reference
    _printf_pre_padding                       - Undefined Weak Reference
    _printf_truncate_signed                   - Undefined Weak Reference
    _printf_truncate_unsigned                 - Undefined Weak Reference
    _rand_init                                - Undefined Weak Reference
    _signal_finish                            - Undefined Weak Reference
    _signal_init                              - Undefined Weak Reference
    _terminate_alloc                          - Undefined Weak Reference
    _terminate_user_alloc                     - Undefined Weak Reference
    _terminateio                              - Undefined Weak Reference
    __Vectors_Size                           0x000000ec   Number         0  startup_stm32f103xb.o ABSOLUTE
    __Vectors                                0x08000000   Data           4  startup_stm32f103xb.o(RESET)
    __Vectors_End                            0x080000ec   Data           0  startup_stm32f103xb.o(RESET)
    __main                                   0x080000ed   Thumb Code     8  __main.o(!!!main)
    __scatterload                            0x080000f5   Thumb Code     0  __scatter.o(!!!scatter)
    __scatterload_rt2                        0x080000f5   Thumb Code    44  __scatter.o(!!!scatter)
    __scatterload_rt2_thumb_only             0x080000f5   Thumb Code     0  __scatter.o(!!!scatter)
    __scatterload_null                       0x08000103   Thumb Code     0  __scatter.o(!!!scatter)
    __scatterload_copy                       0x08000129   Thumb Code    26  __scatter_copy.o(!!handler_copy)
    __scatterload_zeroinit                   0x08000145   Thumb Code    28  __scatter_zi.o(!!handler_zi)
    _printf_d                                0x08000161   Thumb Code     0  _printf_d.o(.ARM.Collect$$_printf_percent$$00000009)
    _printf_percent                          0x08000161   Thumb Code     0  _printf_percent.o(.ARM.Collect$$_printf_percent$$00000000)
    _printf_percent_end                      0x08000167   Thumb Code     0  _printf_percent_end.o(.ARM.Collect$$_printf_percent$$00000017)
    __rt_lib_init                            0x0800016b   Thumb Code     0  libinit.o(.ARM.Collect$$libinit$$00000000)
    __rt_lib_init_alloca_1                   0x0800016d   Thumb Code     0  libinit2.o(.ARM.Collect$$libinit$$0000002E)
    __rt_lib_init_argv_1                     0x0800016d   Thumb Code     0  libinit2.o(.ARM.Collect$$libinit$$0000002C)
    __rt_lib_init_atexit_1                   0x0800016d   Thumb Code     0  libinit2.o(.ARM.Collect$$libinit$$0000001B)
    __rt_lib_init_clock_1                    0x0800016d   Thumb Code     0  libinit2.o(.ARM.Collect$$libinit$$00000021)
    __rt_lib_init_cpp_1                      0x0800016d   Thumb Code     0  libinit2.o(.ARM.Collect$$libinit$$00000032)
    __rt_lib_init_exceptions_1               0x0800016d   Thumb Code     0  libinit2.o(.ARM.Collect$$libinit$$00000030)
    __rt_lib_init_fp_1                       0x0800016d   Thumb Code     0  libinit2.o(.ARM.Collect$$libinit$$00000002)
    __rt_lib_init_fp_trap_1                  0x0800016d   Thumb Code     0  libinit2.o(.ARM.Collect$$libinit$$0000001F)
    __rt_lib_init_getenv_1                   0x0800016d   Thumb Code     0  libinit2.o(.ARM.Collect$$libinit$$00000023)
    __rt_lib_init_heap_1                     0x0800016d   Thumb Code     0  libinit2.o(.ARM.Collect$$libinit$$0000000A)
    __rt_lib_init_lc_collate_1               0x0800016d   Thumb Code     0  libinit2.o(.ARM.Collect$$libinit$$00000011)
    __rt_lib_init_lc_ctype_1                 0x0800016d   Thumb Code     0  libinit2.o(.ARM.Collect$$libinit$$00000013)
    __rt_lib_init_lc_monetary_1              0x0800016d   Thumb Code     0  libinit2.o(.ARM.Collect$$libinit$$00000015)
    __rt_lib_init_lc_numeric_1               0x0800016d   Thumb Code     0  libinit2.o(.ARM.Collect$$libinit$$00000017)
    __rt_lib_init_lc_time_1                  0x0800016d   Thumb Code     0  libinit2.o(.ARM.Collect$$libinit$$00000019)
    __rt_lib_init_preinit_1                  0x0800016d   Thumb Code     0  libinit2.o(.ARM.Collect$$libinit$$00000004)
    __rt_lib_init_rand_1                     0x0800016d   Thumb Code     0  libinit2.o(.ARM.Collect$$libinit$$0000000E)
    __rt_lib_init_return                     0x0800016d   Thumb Code     0  libinit2.o(.ARM.Collect$$libinit$$00000033)
    __rt_lib_init_signal_1                   0x0800016d   Thumb Code     0  libinit2.o(.ARM.Collect$$libinit$$0000001D)
    __rt_lib_init_stdio_1                    0x0800016d   Thumb Code     0  libinit2.o(.ARM.Collect$$libinit$$00000025)
    __rt_lib_init_user_alloc_1               0x0800016d   Thumb Code     0  libinit2.o(.ARM.Collect$$libinit$$0000000C)
    __rt_lib_shutdown                        0x0800016f   Thumb Code     0  libshutdown.o(.ARM.Collect$$libshutdown$$00000000)
    __rt_lib_shutdown_cpp_1                  0x08000171   Thumb Code     0  libshutdown2.o(.ARM.Collect$$libshutdown$$00000004)
    __rt_lib_shutdown_fini_1                 0x08000171   Thumb Code     0  libshutdown2.o(.ARM.Collect$$libshutdown$$00000002)
    __rt_lib_shutdown_fp_trap_1              0x08000171   Thumb Code     0  libshutdown2.o(.ARM.Collect$$libshutdown$$00000009)
    __rt_lib_shutdown_heap_1                 0x08000171   Thumb Code     0  libshutdown2.o(.ARM.Collect$$libshutdown$$00000011)
    __rt_lib_shutdown_return                 0x08000171   Thumb Code     0  libshutdown2.o(.ARM.Collect$$libshutdown$$00000012)
    __rt_lib_shutdown_signal_1               0x08000171   Thumb Code     0  libshutdown2.o(.ARM.Collect$$libshutdown$$0000000C)
    __rt_lib_shutdown_stdio_1                0x08000171   Thumb Code     0  libshutdown2.o(.ARM.Collect$$libshutdown$$00000006)
    __rt_lib_shutdown_user_alloc_1           0x08000171   Thumb Code     0  libshutdown2.o(.ARM.Collect$$libshutdown$$0000000E)
    __rt_entry                               0x08000173   Thumb Code     0  __rtentry.o(.ARM.Collect$$rtentry$$00000000)
    __rt_entry_presh_1                       0x08000173   Thumb Code     0  __rtentry2.o(.ARM.Collect$$rtentry$$00000002)
    __rt_entry_sh                            0x08000173   Thumb Code     0  __rtentry4.o(.ARM.Collect$$rtentry$$00000004)
    __rt_entry_li                            0x08000179   Thumb Code     0  __rtentry2.o(.ARM.Collect$$rtentry$$0000000A)
    __rt_entry_postsh_1                      0x08000179   Thumb Code     0  __rtentry2.o(.ARM.Collect$$rtentry$$00000009)
    __rt_entry_main                          0x0800017d   Thumb Code     0  __rtentry2.o(.ARM.Collect$$rtentry$$0000000D)
    __rt_entry_postli_1                      0x0800017d   Thumb Code     0  __rtentry2.o(.ARM.Collect$$rtentry$$0000000C)
    __rt_exit                                0x08000185   Thumb Code     0  rtexit.o(.ARM.Collect$$rtexit$$00000000)
    __rt_exit_ls                             0x08000187   Thumb Code     0  rtexit2.o(.ARM.Collect$$rtexit$$00000003)
    __rt_exit_prels_1                        0x08000187   Thumb Code     0  rtexit2.o(.ARM.Collect$$rtexit$$00000002)
    __rt_exit_exit                           0x0800018b   Thumb Code     0  rtexit2.o(.ARM.Collect$$rtexit$$00000004)
    Reset_Handler                            0x08000191   Thumb Code     8  startup_stm32f103xb.o(.text)
    ADC1_2_IRQHandler                        0x080001ab   Thumb Code     0  startup_stm32f103xb.o(.text)
    CAN1_RX1_IRQHandler                      0x080001ab   Thumb Code     0  startup_stm32f103xb.o(.text)
    CAN1_SCE_IRQHandler                      0x080001ab   Thumb Code     0  startup_stm32f103xb.o(.text)
    DMA1_Channel1_IRQHandler                 0x080001ab   Thumb Code     0  startup_stm32f103xb.o(.text)
    DMA1_Channel2_IRQHandler                 0x080001ab   Thumb Code     0  startup_stm32f103xb.o(.text)
    DMA1_Channel3_IRQHandler                 0x080001ab   Thumb Code     0  startup_stm32f103xb.o(.text)
    DMA1_Channel4_IRQHandler                 0x080001ab   Thumb Code     0  startup_stm32f103xb.o(.text)
    DMA1_Channel5_IRQHandler                 0x080001ab   Thumb Code     0  startup_stm32f103xb.o(.text)
    DMA1_Channel6_IRQHandler                 0x080001ab   Thumb Code     0  startup_stm32f103xb.o(.text)
    DMA1_Channel7_IRQHandler                 0x080001ab   Thumb Code     0  startup_stm32f103xb.o(.text)
    EXTI0_IRQHandler                         0x080001ab   Thumb Code     0  startup_stm32f103xb.o(.text)
    EXTI15_10_IRQHandler                     0x080001ab   Thumb Code     0  startup_stm32f103xb.o(.text)
    EXTI1_IRQHandler                         0x080001ab   Thumb Code     0  startup_stm32f103xb.o(.text)
    EXTI2_IRQHandler                         0x080001ab   Thumb Code     0  startup_stm32f103xb.o(.text)
    EXTI3_IRQHandler                         0x080001ab   Thumb Code     0  startup_stm32f103xb.o(.text)
    EXTI4_IRQHandler                         0x080001ab   Thumb Code     0  startup_stm32f103xb.o(.text)
    EXTI9_5_IRQHandler                       0x080001ab   Thumb Code     0  startup_stm32f103xb.o(.text)
    FLASH_IRQHandler                         0x080001ab   Thumb Code     0  startup_stm32f103xb.o(.text)
    I2C1_ER_IRQHandler                       0x080001ab   Thumb Code     0  startup_stm32f103xb.o(.text)
    I2C1_EV_IRQHandler                       0x080001ab   Thumb Code     0  startup_stm32f103xb.o(.text)
    I2C2_ER_IRQHandler                       0x080001ab   Thumb Code     0  startup_stm32f103xb.o(.text)
    I2C2_EV_IRQHandler                       0x080001ab   Thumb Code     0  startup_stm32f103xb.o(.text)
    PVD_IRQHandler                           0x080001ab   Thumb Code     0  startup_stm32f103xb.o(.text)
    RCC_IRQHandler                           0x080001ab   Thumb Code     0  startup_stm32f103xb.o(.text)
    RTC_Alarm_IRQHandler                     0x080001ab   Thumb Code     0  startup_stm32f103xb.o(.text)
    RTC_IRQHandler                           0x080001ab   Thumb Code     0  startup_stm32f103xb.o(.text)
    SPI1_IRQHandler                          0x080001ab   Thumb Code     0  startup_stm32f103xb.o(.text)
    SPI2_IRQHandler                          0x080001ab   Thumb Code     0  startup_stm32f103xb.o(.text)
    TAMPER_IRQHandler                        0x080001ab   Thumb Code     0  startup_stm32f103xb.o(.text)
    TIM1_BRK_IRQHandler                      0x080001ab   Thumb Code     0  startup_stm32f103xb.o(.text)
    TIM1_CC_IRQHandler                       0x080001ab   Thumb Code     0  startup_stm32f103xb.o(.text)
    TIM1_TRG_COM_IRQHandler                  0x080001ab   Thumb Code     0  startup_stm32f103xb.o(.text)
    TIM1_UP_IRQHandler                       0x080001ab   Thumb Code     0  startup_stm32f103xb.o(.text)
    TIM2_IRQHandler                          0x080001ab   Thumb Code     0  startup_stm32f103xb.o(.text)
    TIM3_IRQHandler                          0x080001ab   Thumb Code     0  startup_stm32f103xb.o(.text)
    USART2_IRQHandler                        0x080001ab   Thumb Code     0  startup_stm32f103xb.o(.text)
    USBWakeUp_IRQHandler                     0x080001ab   Thumb Code     0  startup_stm32f103xb.o(.text)
    WWDG_IRQHandler                          0x080001ab   Thumb Code     0  startup_stm32f103xb.o(.text)
    __user_initial_stackheap                 0x080001ad   Thumb Code     0  startup_stm32f103xb.o(.text)
    __2sprintf                               0x080001d1   Thumb Code    34  noretval__2sprintf.o(.text)
    __printf                                 0x080001f9   Thumb Code   104  __printf.o(.text)
    _printf_int_dec                          0x08000261   Thumb Code   104  _printf_dec.o(.text)
    memcmp                                   0x080002d9   Thumb Code    88  memcmp.o(.text)
    strlen                                   0x08000331   Thumb Code    62  strlen.o(.text)
    __aeabi_memset                           0x0800036f   Thumb Code    16  aeabi_memset.o(.text)
    __aeabi_memclr4                          0x0800037f   Thumb Code     0  rt_memclr_w.o(.text)
    __aeabi_memclr8                          0x0800037f   Thumb Code     0  rt_memclr_w.o(.text)
    __rt_memclr_w                            0x0800037f   Thumb Code    78  rt_memclr_w.o(.text)
    _memset_w                                0x08000383   Thumb Code     0  rt_memclr_w.o(.text)
    __use_two_region_memory                  0x080003cd   Thumb Code     2  heapauxi.o(.text)
    __rt_heap_escrow$2region                 0x080003cf   Thumb Code     2  heapauxi.o(.text)
    __rt_heap_expand$2region                 0x080003d1   Thumb Code     2  heapauxi.o(.text)
    __read_errno                             0x080003d3   Thumb Code    10  _rserrno.o(.text)
    __set_errno                              0x080003dd   Thumb Code    12  _rserrno.o(.text)
    _printf_int_common                       0x080003e9   Thumb Code   178  _printf_intcommon.o(.text)
    _printf_char_common                      0x080004a7   Thumb Code    32  _printf_char_common.o(.text)
    _sputc                                   0x080004cd   Thumb Code    10  _sputc.o(.text)
    __aeabi_memclr                           0x080004d7   Thumb Code     0  rt_memclr.o(.text)
    __rt_memclr                              0x080004d7   Thumb Code    68  rt_memclr.o(.text)
    _memset                                  0x080004db   Thumb Code     0  rt_memclr.o(.text)
    __aeabi_errno_addr                       0x0800051d   Thumb Code     8  rt_errno_addr_intlibspace.o(.text)
    __errno$intlibspace                      0x0800051d   Thumb Code     0  rt_errno_addr_intlibspace.o(.text)
    __rt_errno_addr$intlibspace              0x0800051d   Thumb Code     0  rt_errno_addr_intlibspace.o(.text)
    __user_libspace                          0x08000525   Thumb Code     8  libspace.o(.text)
    __user_perproc_libspace                  0x08000525   Thumb Code     0  libspace.o(.text)
    __user_perthread_libspace                0x08000525   Thumb Code     0  libspace.o(.text)
    __user_setup_stackheap                   0x0800052d   Thumb Code    74  sys_stackheap_outer.o(.text)
    exit                                     0x08000577   Thumb Code    18  exit.o(.text)
    _sys_exit                                0x08000589   Thumb Code     8  sys_exit.o(.text)
    __I$use$semihosting                      0x08000595   Thumb Code     0  use_no_semi.o(.text)
    __use_no_semihosting_swi                 0x08000595   Thumb Code     2  use_no_semi.o(.text)
    BusFault_Handler                         0x08000597   Thumb Code     2  stm32f1xx_it.o(i.BusFault_Handler)
    __semihosting_library_function           0x08000597   Thumb Code     0  indicate_semi.o(.text)
    DebugMon_Handler                         0x08000599   Thumb Code     2  stm32f1xx_it.o(i.DebugMon_Handler)
    Error_Handler                            0x0800059b   Thumb Code     4  main.o(i.Error_Handler)
    HAL_CAN_ActivateNotification             0x0800059f   Thumb Code    36  stm32f1xx_hal_can.o(i.HAL_CAN_ActivateNotification)
    HAL_CAN_AddTxMessage                     0x080005c3   Thumb Code   208  stm32f1xx_hal_can.o(i.HAL_CAN_AddTxMessage)
    HAL_CAN_ConfigFilter                     0x08000695   Thumb Code   238  stm32f1xx_hal_can.o(i.HAL_CAN_ConfigFilter)
    HAL_CAN_ErrorCallback                    0x08000783   Thumb Code     2  stm32f1xx_hal_can.o(i.HAL_CAN_ErrorCallback)
    HAL_CAN_IRQHandler                       0x08000785   Thumb Code   508  stm32f1xx_hal_can.o(i.HAL_CAN_IRQHandler)
    HAL_CAN_Init                             0x08000981   Thumb Code   282  stm32f1xx_hal_can.o(i.HAL_CAN_Init)
    HAL_CAN_MspInit                          0x08000a9d   Thumb Code   128  can.o(i.HAL_CAN_MspInit)
    HAL_CAN_RxFifo0FullCallback              0x08000b29   Thumb Code     2  stm32f1xx_hal_can.o(i.HAL_CAN_RxFifo0FullCallback)
    HAL_CAN_RxFifo0MsgPendingCallback        0x08000b2b   Thumb Code     2  stm32f1xx_hal_can.o(i.HAL_CAN_RxFifo0MsgPendingCallback)
    HAL_CAN_RxFifo1FullCallback              0x08000b2d   Thumb Code     2  stm32f1xx_hal_can.o(i.HAL_CAN_RxFifo1FullCallback)
    HAL_CAN_RxFifo1MsgPendingCallback        0x08000b2f   Thumb Code     2  stm32f1xx_hal_can.o(i.HAL_CAN_RxFifo1MsgPendingCallback)
    HAL_CAN_SleepCallback                    0x08000b31   Thumb Code     2  stm32f1xx_hal_can.o(i.HAL_CAN_SleepCallback)
    HAL_CAN_Start                            0x08000b35   Thumb Code    88  stm32f1xx_hal_can.o(i.HAL_CAN_Start)
    HAL_CAN_TxMailbox0AbortCallback          0x08000b8d   Thumb Code     2  stm32f1xx_hal_can.o(i.HAL_CAN_TxMailbox0AbortCallback)
    HAL_CAN_TxMailbox0CompleteCallback       0x08000b8f   Thumb Code     2  stm32f1xx_hal_can.o(i.HAL_CAN_TxMailbox0CompleteCallback)
    HAL_CAN_TxMailbox1AbortCallback          0x08000b91   Thumb Code     2  stm32f1xx_hal_can.o(i.HAL_CAN_TxMailbox1AbortCallback)
    HAL_CAN_TxMailbox1CompleteCallback       0x08000b93   Thumb Code     2  stm32f1xx_hal_can.o(i.HAL_CAN_TxMailbox1CompleteCallback)
    HAL_CAN_TxMailbox2AbortCallback          0x08000b95   Thumb Code     2  stm32f1xx_hal_can.o(i.HAL_CAN_TxMailbox2AbortCallback)
    HAL_CAN_TxMailbox2CompleteCallback       0x08000b97   Thumb Code     2  stm32f1xx_hal_can.o(i.HAL_CAN_TxMailbox2CompleteCallback)
    HAL_CAN_WakeUpFromRxMsgCallback          0x08000b99   Thumb Code     2  stm32f1xx_hal_can.o(i.HAL_CAN_WakeUpFromRxMsgCallback)
    HAL_DMA_Abort                            0x08000b9b   Thumb Code    70  stm32f1xx_hal_dma.o(i.HAL_DMA_Abort)
    HAL_DMA_Abort_IT                         0x08000be1   Thumb Code   148  stm32f1xx_hal_dma.o(i.HAL_DMA_Abort_IT)
    HAL_Delay                                0x08000c79   Thumb Code    32  stm32f1xx_hal.o(i.HAL_Delay)
    HAL_GPIO_Init                            0x08000c9d   Thumb Code   446  stm32f1xx_hal_gpio.o(i.HAL_GPIO_Init)
    HAL_GPIO_WritePin                        0x08000e7d   Thumb Code    10  stm32f1xx_hal_gpio.o(i.HAL_GPIO_WritePin)
    HAL_GetTick                              0x08000e89   Thumb Code     6  stm32f1xx_hal.o(i.HAL_GetTick)
    HAL_I2C_Init                             0x08000e95   Thumb Code   376  stm32f1xx_hal_i2c.o(i.HAL_I2C_Init)
    HAL_I2C_Mem_Read                         0x0800101d   Thumb Code   586  stm32f1xx_hal_i2c.o(i.HAL_I2C_Mem_Read)
    HAL_I2C_Mem_Write                        0x08001279   Thumb Code   294  stm32f1xx_hal_i2c.o(i.HAL_I2C_Mem_Write)
    HAL_I2C_MspInit                          0x080013a9   Thumb Code    96  i2c.o(i.HAL_I2C_MspInit)
    HAL_IncTick                              0x08001419   Thumb Code    12  stm32f1xx_hal.o(i.HAL_IncTick)
    HAL_Init                                 0x08001429   Thumb Code    32  stm32f1xx_hal.o(i.HAL_Init)
    HAL_InitTick                             0x0800144d   Thumb Code    54  stm32f1xx_hal.o(i.HAL_InitTick)
    HAL_MspInit                              0x0800148d   Thumb Code    52  stm32f1xx_hal_msp.o(i.HAL_MspInit)
    HAL_NVIC_EnableIRQ                       0x080014c9   Thumb Code    26  stm32f1xx_hal_cortex.o(i.HAL_NVIC_EnableIRQ)
    HAL_NVIC_SetPriority                     0x080014e5   Thumb Code    60  stm32f1xx_hal_cortex.o(i.HAL_NVIC_SetPriority)
    HAL_NVIC_SetPriorityGrouping             0x08001525   Thumb Code    26  stm32f1xx_hal_cortex.o(i.HAL_NVIC_SetPriorityGrouping)
    HAL_RCC_ClockConfig                      0x08001549   Thumb Code   280  stm32f1xx_hal_rcc.o(i.HAL_RCC_ClockConfig)
    HAL_RCC_GetPCLK1Freq                     0x08001675   Thumb Code    20  stm32f1xx_hal_rcc.o(i.HAL_RCC_GetPCLK1Freq)
    HAL_RCC_GetPCLK2Freq                     0x08001695   Thumb Code    20  stm32f1xx_hal_rcc.o(i.HAL_RCC_GetPCLK2Freq)
    HAL_RCC_GetSysClockFreq                  0x080016b5   Thumb Code    58  stm32f1xx_hal_rcc.o(i.HAL_RCC_GetSysClockFreq)
    HAL_RCC_OscConfig                        0x08001701   Thumb Code   778  stm32f1xx_hal_rcc.o(i.HAL_RCC_OscConfig)
    HAL_SYSTICK_Config                       0x08001a21   Thumb Code    40  stm32f1xx_hal_cortex.o(i.HAL_SYSTICK_Config)
    HAL_TIMEx_BreakCallback                  0x08001a49   Thumb Code     2  stm32f1xx_hal_tim_ex.o(i.HAL_TIMEx_BreakCallback)
    HAL_TIMEx_CommutCallback                 0x08001a4b   Thumb Code     2  stm32f1xx_hal_tim_ex.o(i.HAL_TIMEx_CommutCallback)
    HAL_TIMEx_ConfigBreakDeadTime            0x08001a4d   Thumb Code    84  stm32f1xx_hal_tim_ex.o(i.HAL_TIMEx_ConfigBreakDeadTime)
    HAL_TIMEx_MasterConfigSynchronization    0x08001aa1   Thumb Code    92  stm32f1xx_hal_tim_ex.o(i.HAL_TIMEx_MasterConfigSynchronization)
    HAL_TIM_Base_Init                        0x08001b09   Thumb Code    90  stm32f1xx_hal_tim.o(i.HAL_TIM_Base_Init)
    HAL_TIM_Base_MspInit                     0x08001b65   Thumb Code    72  tim.o(i.HAL_TIM_Base_MspInit)
    HAL_TIM_Base_Start_IT                    0x08001bb9   Thumb Code    76  stm32f1xx_hal_tim.o(i.HAL_TIM_Base_Start_IT)
    HAL_TIM_ConfigClockSource                0x08001c11   Thumb Code   220  stm32f1xx_hal_tim.o(i.HAL_TIM_ConfigClockSource)
    HAL_TIM_Encoder_Init                     0x08001ced   Thumb Code   164  stm32f1xx_hal_tim.o(i.HAL_TIM_Encoder_Init)
    HAL_TIM_Encoder_MspInit                  0x08001d91   Thumb Code   148  tim.o(i.HAL_TIM_Encoder_MspInit)
    HAL_TIM_Encoder_Start                    0x08001e39   Thumb Code   142  stm32f1xx_hal_tim.o(i.HAL_TIM_Encoder_Start)
    HAL_TIM_IC_CaptureCallback               0x08001ec7   Thumb Code     2  stm32f1xx_hal_tim.o(i.HAL_TIM_IC_CaptureCallback)
    HAL_TIM_IRQHandler                       0x08001ec9   Thumb Code   304  stm32f1xx_hal_tim.o(i.HAL_TIM_IRQHandler)
    HAL_TIM_MspPostInit                      0x08001ff9   Thumb Code    66  tim.o(i.HAL_TIM_MspPostInit)
    HAL_TIM_OC_DelayElapsedCallback          0x08002049   Thumb Code     2  stm32f1xx_hal_tim.o(i.HAL_TIM_OC_DelayElapsedCallback)
    HAL_TIM_PWM_ConfigChannel                0x0800204b   Thumb Code   204  stm32f1xx_hal_tim.o(i.HAL_TIM_PWM_ConfigChannel)
    HAL_TIM_PWM_Init                         0x08002117   Thumb Code    90  stm32f1xx_hal_tim.o(i.HAL_TIM_PWM_Init)
    HAL_TIM_PWM_MspInit                      0x08002171   Thumb Code     2  stm32f1xx_hal_tim.o(i.HAL_TIM_PWM_MspInit)
    HAL_TIM_PWM_PulseFinishedCallback        0x08002173   Thumb Code     2  stm32f1xx_hal_tim.o(i.HAL_TIM_PWM_PulseFinishedCallback)
    HAL_TIM_PWM_Start                        0x08002175   Thumb Code   144  stm32f1xx_hal_tim.o(i.HAL_TIM_PWM_Start)
    HAL_TIM_PeriodElapsedCallback            0x08002211   Thumb Code   510  main.o(i.HAL_TIM_PeriodElapsedCallback)
    HAL_TIM_TriggerCallback                  0x08002445   Thumb Code     2  stm32f1xx_hal_tim.o(i.HAL_TIM_TriggerCallback)
    HAL_UARTEx_RxEventCallback               0x08002447   Thumb Code     2  stm32f1xx_hal_uart.o(i.HAL_UARTEx_RxEventCallback)
    HAL_UART_ErrorCallback                   0x08002449   Thumb Code     2  stm32f1xx_hal_uart.o(i.HAL_UART_ErrorCallback)
    HAL_UART_IRQHandler                      0x0800244d   Thumb Code   616  stm32f1xx_hal_uart.o(i.HAL_UART_IRQHandler)
    HAL_UART_Init                            0x080026b9   Thumb Code   100  stm32f1xx_hal_uart.o(i.HAL_UART_Init)
    HAL_UART_MspInit                         0x0800271d   Thumb Code   286  usart.o(i.HAL_UART_MspInit)
    HAL_UART_Receive_IT                      0x08002859   Thumb Code    28  stm32f1xx_hal_uart.o(i.HAL_UART_Receive_IT)
    HAL_UART_RxCpltCallback                  0x08002875   Thumb Code    26  main.o(i.HAL_UART_RxCpltCallback)
    HAL_UART_Transmit                        0x0800289d   Thumb Code   160  stm32f1xx_hal_uart.o(i.HAL_UART_Transmit)
    HAL_UART_TxCpltCallback                  0x0800293d   Thumb Code     2  stm32f1xx_hal_uart.o(i.HAL_UART_TxCpltCallback)
    HardFault_Handler                        0x0800293f   Thumb Code     2  stm32f1xx_it.o(i.HardFault_Handler)
    MPU6050_DMP_Get_Date                     0x08002d81   Thumb Code   406  mpu6050.o(i.MPU6050_DMP_Get_Date)
    MPU6050_DMP_init                         0x08002f1d   Thumb Code   160  mpu6050.o(i.MPU6050_DMP_init)
    MX_CAN_Init                              0x08002fc1   Thumb Code    58  can.o(i.MX_CAN_Init)
    MX_GPIO_Init                             0x08003005   Thumb Code   122  gpio.o(i.MX_GPIO_Init)
    MX_I2C1_Init                             0x08003089   Thumb Code    50  i2c.o(i.MX_I2C1_Init)
    MX_TIM1_Init                             0x080030c9   Thumb Code   206  tim.o(i.MX_TIM1_Init)
    MX_TIM2_Init                             0x080031a1   Thumb Code   100  tim.o(i.MX_TIM2_Init)
    MX_TIM3_Init                             0x08003209   Thumb Code    98  tim.o(i.MX_TIM3_Init)
    MX_TIM4_Init                             0x08003275   Thumb Code    94  tim.o(i.MX_TIM4_Init)
    MX_USART1_UART_Init                      0x080032dd   Thumb Code    48  usart.o(i.MX_USART1_UART_Init)
    MX_USART2_UART_Init                      0x08003315   Thumb Code    48  usart.o(i.MX_USART2_UART_Init)
    MX_USART3_UART_Init                      0x0800334d   Thumb Code    48  usart.o(i.MX_USART3_UART_Init)
    MemManage_Handler                        0x08003385   Thumb Code     2  stm32f1xx_it.o(i.MemManage_Handler)
    NMI_Handler                              0x08003387   Thumb Code     2  stm32f1xx_it.o(i.NMI_Handler)
    PID_calc                                 0x08003389   Thumb Code   280  pid.o(i.PID_calc)
    PID_init                                 0x080034a1   Thumb Code    56  pid.o(i.PID_init)
    PendSV_Handler                           0x080034d9   Thumb Code     2  stm32f1xx_it.o(i.PendSV_Handler)
    SVC_Handler                              0x080034db   Thumb Code     2  stm32f1xx_it.o(i.SVC_Handler)
    SysTick_Handler                          0x080034dd   Thumb Code     4  stm32f1xx_it.o(i.SysTick_Handler)
    SystemClock_Config                       0x080034e1   Thumb Code    94  main.o(i.SystemClock_Config)
    SystemInit                               0x0800353f   Thumb Code     2  system_stm32f1xx.o(i.SystemInit)
    TIM4_IRQHandler                          0x08003541   Thumb Code     6  stm32f1xx_it.o(i.TIM4_IRQHandler)
    TIM_Base_SetConfig                       0x0800354d   Thumb Code   108  stm32f1xx_hal_tim.o(i.TIM_Base_SetConfig)
    TIM_CCxChannelCmd                        0x080035c5   Thumb Code    26  stm32f1xx_hal_tim.o(i.TIM_CCxChannelCmd)
    TIM_ETR_SetConfig                        0x080035df   Thumb Code    20  stm32f1xx_hal_tim.o(i.TIM_ETR_SetConfig)
    TIM_OC2_SetConfig                        0x08003655   Thumb Code    84  stm32f1xx_hal_tim.o(i.TIM_OC2_SetConfig)
    UART_Start_Receive_IT                    0x08003969   Thumb Code    54  stm32f1xx_hal_uart.o(i.UART_Start_Receive_IT)
    USART1_IRQHandler                        0x08003a11   Thumb Code     6  stm32f1xx_it.o(i.USART1_IRQHandler)
    USART3_IRQHandler                        0x08003a1d   Thumb Code     6  stm32f1xx_it.o(i.USART3_IRQHandler)
    USB_HP_CAN1_TX_IRQHandler                0x08003a29   Thumb Code     6  stm32f1xx_it.o(i.USB_HP_CAN1_TX_IRQHandler)
    USB_LP_CAN1_RX0_IRQHandler               0x08003a35   Thumb Code     6  stm32f1xx_it.o(i.USB_LP_CAN1_RX0_IRQHandler)
    UsageFault_Handler                       0x08003a41   Thumb Code     2  stm32f1xx_it.o(i.UsageFault_Handler)
    __ARM_fpclassify                         0x08003a43   Thumb Code    40  fpclassify.o(i.__ARM_fpclassify)
    __kernel_poly                            0x08003a8b   Thumb Code   170  poly.o(i.__kernel_poly)
    __mathlib_dbl_infnan                     0x08003b35   Thumb Code     6  dunder.o(i.__mathlib_dbl_infnan)
    __mathlib_dbl_infnan2                    0x08003b3b   Thumb Code     4  dunder.o(i.__mathlib_dbl_infnan2)
    __mathlib_dbl_invalid                    0x08003b3f   Thumb Code    12  dunder.o(i.__mathlib_dbl_invalid)
    __mathlib_dbl_underflow                  0x08003b4d   Thumb Code    10  dunder.o(i.__mathlib_dbl_underflow)
    asin                                     0x08003b5d   Thumb Code   572  asin.o(i.asin)
    atan                                     0x08003dcd   Thumb Code   474  atan.o(i.atan)
    atan2                                    0x08003fed   Thumb Code   374  atan2.o(i.atan2)
    dmp_enable_6x_lp_quat                    0x08004189   Thumb Code    58  inv_mpu_dmp_motion_driver.o(i.dmp_enable_6x_lp_quat)
    dmp_enable_feature                       0x080041c5   Thumb Code   464  inv_mpu_dmp_motion_driver.o(i.dmp_enable_feature)
    dmp_enable_gyro_cal                      0x0800439d   Thumb Code    34  inv_mpu_dmp_motion_driver.o(i.dmp_enable_gyro_cal)
    dmp_enable_lp_quat                       0x080043d9   Thumb Code    58  inv_mpu_dmp_motion_driver.o(i.dmp_enable_lp_quat)
    dmp_load_motion_driver_firmware          0x08004415   Thumb Code    16  inv_mpu_dmp_motion_driver.o(i.dmp_load_motion_driver_firmware)
    dmp_read_fifo                            0x08004429   Thumb Code   354  inv_mpu_dmp_motion_driver.o(i.dmp_read_fifo)
    dmp_set_fifo_rate                        0x08004591   Thumb Code    82  inv_mpu_dmp_motion_driver.o(i.dmp_set_fifo_rate)
    dmp_set_orientation                      0x080045f5   Thumb Code   246  inv_mpu_dmp_motion_driver.o(i.dmp_set_orientation)
    dmp_set_shake_reject_thresh              0x08004701   Thumb Code    48  inv_mpu_dmp_motion_driver.o(i.dmp_set_shake_reject_thresh)
    dmp_set_shake_reject_time                0x08004731   Thumb Code    32  inv_mpu_dmp_motion_driver.o(i.dmp_set_shake_reject_time)
    dmp_set_shake_reject_timeout             0x08004751   Thumb Code    32  inv_mpu_dmp_motion_driver.o(i.dmp_set_shake_reject_timeout)
    dmp_set_tap_axes                         0x08004771   Thumb Code    64  inv_mpu_dmp_motion_driver.o(i.dmp_set_tap_axes)
    dmp_set_tap_count                        0x080047b1   Thumb Code    34  inv_mpu_dmp_motion_driver.o(i.dmp_set_tap_count)
    dmp_set_tap_thresh                       0x080047d5   Thumb Code   274  inv_mpu_dmp_motion_driver.o(i.dmp_set_tap_thresh)
    dmp_set_tap_time                         0x080048fd   Thumb Code    32  inv_mpu_dmp_motion_driver.o(i.dmp_set_tap_time)
    dmp_set_tap_time_multi                   0x0800491d   Thumb Code    32  inv_mpu_dmp_motion_driver.o(i.dmp_set_tap_time_multi)
    main                                     0x08004985   Thumb Code   770  main.o(i.main)
    mpu_configure_fifo                       0x08004cc9   Thumb Code    78  inv_mpu.o(i.mpu_configure_fifo)
    mpu_get_accel_fsr                        0x08004d1d   Thumb Code    54  inv_mpu.o(i.mpu_get_accel_fsr)
    mpu_init                                 0x08004d59   Thumb Code   210  inv_mpu.o(i.mpu_init)
    mpu_load_firmware                        0x08004e35   Thumb Code   166  inv_mpu.o(i.mpu_load_firmware)
    mpu_lp_accel_mode                        0x08004ee5   Thumb Code   204  inv_mpu.o(i.mpu_lp_accel_mode)
    mpu_read_fifo_stream                     0x08004fb9   Thumb Code   182  inv_mpu.o(i.mpu_read_fifo_stream)
    mpu_read_mem                             0x08005079   Thumb Code   106  inv_mpu.o(i.mpu_read_mem)
    mpu_reset_fifo                           0x080050ed   Thumb Code   438  inv_mpu.o(i.mpu_reset_fifo)
    mpu_set_accel_fsr                        0x080052ad   Thumb Code   112  inv_mpu.o(i.mpu_set_accel_fsr)
    mpu_set_bypass                           0x08005325   Thumb Code   302  inv_mpu.o(i.mpu_set_bypass)
    mpu_set_dmp_state                        0x0800545d   Thumb Code   140  inv_mpu.o(i.mpu_set_dmp_state)
    mpu_set_gyro_fsr                         0x080054f1   Thumb Code   118  inv_mpu.o(i.mpu_set_gyro_fsr)
    mpu_set_int_latched                      0x08005571   Thumb Code   108  inv_mpu.o(i.mpu_set_int_latched)
    mpu_set_lpf                              0x080055e5   Thumb Code   120  inv_mpu.o(i.mpu_set_lpf)
    mpu_set_sample_rate                      0x08005665   Thumb Code   142  inv_mpu.o(i.mpu_set_sample_rate)
    mpu_set_sensors                          0x080056fd   Thumb Code   212  inv_mpu.o(i.mpu_set_sensors)
    mpu_write_mem                            0x080057d9   Thumb Code   106  inv_mpu.o(i.mpu_write_mem)
    sqrt                                     0x080058c9   Thumb Code    76  sqrt.o(i.sqrt)
    __aeabi_d2f                              0x08005915   Thumb Code     0  d2f.o(x$fpl$d2f)
    _d2f                                     0x08005915   Thumb Code    98  d2f.o(x$fpl$d2f)
    __aeabi_dadd                             0x08005979   Thumb Code     0  daddsub_clz.o(x$fpl$dadd)
    _dadd                                    0x08005979   Thumb Code   332  daddsub_clz.o(x$fpl$dadd)
    __fpl_dcheck_NaN1                        0x08005ac9   Thumb Code    10  dcheck1.o(x$fpl$dcheck1)
    __fpl_dcmp_Inf                           0x08005ad9   Thumb Code    24  dcmpi.o(x$fpl$dcmpinf)
    __aeabi_ddiv                             0x08005af1   Thumb Code     0  ddiv.o(x$fpl$ddiv)
    _ddiv                                    0x08005af1   Thumb Code   552  ddiv.o(x$fpl$ddiv)
    __aeabi_cdcmpeq                          0x08005da1   Thumb Code     0  deqf.o(x$fpl$deqf)
    _dcmpeq                                  0x08005da1   Thumb Code   120  deqf.o(x$fpl$deqf)
    __aeabi_d2iz                             0x08005e19   Thumb Code     0  dfix.o(x$fpl$dfix)
    _dfix                                    0x08005e19   Thumb Code    94  dfix.o(x$fpl$dfix)
    __aeabi_i2d                              0x08005e77   Thumb Code     0  dflt_clz.o(x$fpl$dflt)
    _dflt                                    0x08005e77   Thumb Code    46  dflt_clz.o(x$fpl$dflt)
    __aeabi_dmul                             0x08005ea5   Thumb Code     0  dmul.o(x$fpl$dmul)
    _dmul                                    0x08005ea5   Thumb Code   332  dmul.o(x$fpl$dmul)
    __fpl_dnaninf                            0x08005ff9   Thumb Code   156  dnaninf.o(x$fpl$dnaninf)
    __fpl_dretinf                            0x08006095   Thumb Code    12  dretinf.o(x$fpl$dretinf)
    __aeabi_drsub                            0x080060a1   Thumb Code     0  daddsub_clz.o(x$fpl$drsb)
    _drsb                                    0x080060a1   Thumb Code    22  daddsub_clz.o(x$fpl$drsb)
    _dsqrt                                   0x080060b9   Thumb Code   456  dsqrt_noumaal.o(x$fpl$dsqrt)
    __aeabi_dsub                             0x08006285   Thumb Code     0  daddsub_clz.o(x$fpl$dsub)
    _dsub                                    0x08006285   Thumb Code   464  daddsub_clz.o(x$fpl$dsub)
    __aeabi_f2d                              0x08006459   Thumb Code     0  f2d.o(x$fpl$f2d)
    _f2d                                     0x08006459   Thumb Code    86  f2d.o(x$fpl$f2d)
    __aeabi_fadd                             0x080064b1   Thumb Code     0  faddsub_clz.o(x$fpl$fadd)
    _fadd                                    0x080064b1   Thumb Code   196  faddsub_clz.o(x$fpl$fadd)
    __fpl_fcheck_NaN1                        0x08006575   Thumb Code     6  fcheck1.o(x$fpl$fcheck1)
    __fpl_fcmp_Inf                           0x08006581   Thumb Code    24  fcmpi.o(x$fpl$fcmpinf)
    __aeabi_fdiv                             0x08006599   Thumb Code     0  fdiv.o(x$fpl$fdiv)
    _fdiv                                    0x08006599   Thumb Code   384  fdiv.o(x$fpl$fdiv)
    __aeabi_f2iz                             0x0800671d   Thumb Code     0  ffix.o(x$fpl$ffix)
    _ffix                                    0x0800671d   Thumb Code    54  ffix.o(x$fpl$ffix)
    __aeabi_f2uiz                            0x08006755   Thumb Code     0  ffixu.o(x$fpl$ffixu)
    _ffixu                                   0x08006755   Thumb Code    62  ffixu.o(x$fpl$ffixu)
    __aeabi_i2f                              0x08006795   Thumb Code     0  fflt_clz.o(x$fpl$fflt)
    _fflt                                    0x08006795   Thumb Code    48  fflt_clz.o(x$fpl$fflt)
    __aeabi_ui2f                             0x080067c5   Thumb Code     0  fflt_clz.o(x$fpl$ffltu)
    _ffltu                                   0x080067c5   Thumb Code    38  fflt_clz.o(x$fpl$ffltu)
    __aeabi_cfcmple                          0x080067ed   Thumb Code     0  fleqf.o(x$fpl$fleqf)
    _fcmple                                  0x080067ed   Thumb Code   104  fleqf.o(x$fpl$fleqf)
    __fpl_fcmple_InfNaN                      0x0800683f   Thumb Code     0  fleqf.o(x$fpl$fleqf)
    __aeabi_fmul                             0x08006855   Thumb Code     0  fmul.o(x$fpl$fmul)
    _fmul                                    0x08006855   Thumb Code   258  fmul.o(x$fpl$fmul)
    __fpl_fnaninf                            0x08006957   Thumb Code   140  fnaninf.o(x$fpl$fnaninf)
    __fpl_fretinf                            0x080069e3   Thumb Code    10  fretinf.o(x$fpl$fretinf)
    __aeabi_cfrcmple                         0x080069ed   Thumb Code     0  frleqf.o(x$fpl$frleqf)
    _frcmple                                 0x080069ed   Thumb Code    98  frleqf.o(x$fpl$frleqf)
    __aeabi_frsub                            0x08006a4f   Thumb Code     0  faddsub_clz.o(x$fpl$frsb)
    _frsb                                    0x08006a4f   Thumb Code    20  faddsub_clz.o(x$fpl$frsb)
    __aeabi_fsub                             0x08006a65   Thumb Code     0  faddsub_clz.o(x$fpl$fsub)
    _fsub                                    0x08006a65   Thumb Code   234  faddsub_clz.o(x$fpl$fsub)
    __fpl_return_NaN                         0x08006b4f   Thumb Code   100  retnan.o(x$fpl$retnan)
    __ARM_scalbn                             0x08006bb3   Thumb Code    92  scalbn.o(x$fpl$scalbn)
    __ARM_scalbnf                            0x08006c0f   Thumb Code    76  scalbnf.o(x$fpl$scalbnf)
    __fpl_cmpreturn                          0x08006c5b   Thumb Code    48  trapv.o(x$fpl$trapveneer)
    __I$use$fp                               0x08006c8a   Number         0  usenofp.o(x$fpl$usenofp)
    PID_speed1                               0x08006c8c   Data          12  main.o(.constdata)
    PID_position1                            0x08006c98   Data          12  main.o(.constdata)
    PID_speed3                               0x08006ca4   Data          12  main.o(.constdata)
    PID_position3                            0x08006cb0   Data          12  main.o(.constdata)
    AHBPrescTable                            0x08006cce   Data          16  system_stm32f1xx.o(.constdata)
    APBPrescTable                            0x08006cde   Data           8  system_stm32f1xx.o(.constdata)
    reg                                      0x08006ce6   Data          30  inv_mpu.o(.constdata)
    hw                                       0x08006d04   Data          12  inv_mpu.o(.constdata)
    test                                     0x08006d10   Data          40  inv_mpu.o(.constdata)
    __mathlib_zero                           0x08007a18   Data           8  qnan.o(.constdata)
    Region$$Table$$Base                      0x08007a20   Number         0  anon$$obj.o(Region$$Table)
    Region$$Table$$Limit                     0x08007a40   Number         0  anon$$obj.o(Region$$Table)
    rx_flag1                                 0x20000000   Data           1  main.o(.data)
    TxData                                   0x20000001   Data           1  main.o(.data)
    rx_data1                                 0x20000002   Data           1  main.o(.data)
    pitch                                    0x20000004   Data           4  main.o(.data)
    roll                                     0x20000008   Data           4  main.o(.data)
    yaw                                      0x2000000c   Data           4  main.o(.data)
    temp1                                    0x20000010   Data           4  main.o(.data)
    temp3                                    0x20000014   Data           4  main.o(.data)
    ret                                      0x20000018   Data           4  main.o(.data)
    delta1                                   0x2000001c   Data           4  main.o(.data)
    delta3                                   0x20000020   Data           4  main.o(.data)
    cnt1                                     0x20000024   Data           4  main.o(.data)
    cnt3                                     0x20000028   Data           4  main.o(.data)
    speed1                                   0x2000002c   Data           4  main.o(.data)
    target_angle1                            0x20000030   Data           4  main.o(.data)
    target_speed1                            0x20000034   Data           4  main.o(.data)
    pwm_out1                                 0x20000038   Data           4  main.o(.data)
    sum_angle1                               0x2000003c   Data           4  main.o(.data)
    speed3                                   0x20000040   Data           4  main.o(.data)
    target_angle3                            0x20000044   Data           4  main.o(.data)
    target_speed3                            0x20000048   Data           4  main.o(.data)
    pwm_out3                                 0x2000004c   Data           4  main.o(.data)
    sum_angle3                               0x20000050   Data           4  main.o(.data)
    PID_mode                                 0x20000054   Data           4  main.o(.data)
    speed_mode                               0x20000058   Data           4  main.o(.data)
    yaw_flag                                 0x2000005c   Data           4  main.o(.data)
    TxMailbox                                0x20000060   Data           4  main.o(.data)
    uwTickFreq                               0x20000064   Data           1  stm32f1xx_hal.o(.data)
    uwTickPrio                               0x20000068   Data           4  stm32f1xx_hal.o(.data)
    uwTick                                   0x2000006c   Data           4  stm32f1xx_hal.o(.data)
    SystemCoreClock                          0x20000070   Data           4  system_stm32f1xx.o(.data)
    Position1                                0x200000ac   Data          72  main.o(.bss)
    Speed1                                   0x200000f4   Data          72  main.o(.bss)
    Position3                                0x2000013c   Data          72  main.o(.bss)
    Speed3                                   0x20000184   Data          72  main.o(.bss)
    hcan                                     0x200001e4   Data          40  can.o(.bss)
    hi2c1                                    0x2000020c   Data          84  i2c.o(.bss)
    htim1                                    0x20000260   Data          72  tim.o(.bss)
    htim2                                    0x200002a8   Data          72  tim.o(.bss)
    htim3                                    0x200002f0   Data          72  tim.o(.bss)
    htim4                                    0x20000338   Data          72  tim.o(.bss)
    huart1                                   0x20000380   Data          72  usart.o(.bss)
    huart2                                   0x200003c8   Data          72  usart.o(.bss)
    huart3                                   0x20000410   Data          72  usart.o(.bss)
    __libspace_start                         0x20000468   Data          96  libspace.o(.bss)
    __temporary_stack_top$libspace           0x200004c8   Data           0  libspace.o(.bss)



==============================================================================

Memory Map of the image

  Image Entry point : 0x080000ed

  Load Region LR_IROM1 (Base: 0x08000000, Size: 0x00007aec, Max: 0x00010000, ABSOLUTE)

    Execution Region ER_IROM1 (Exec base: 0x08000000, Load base: 0x08000000, Size: 0x00007a40, Max: 0x00010000, ABSOLUTE)

    Exec Addr    Load Addr    Size         Type   Attr      Idx    E Section Name        Object

    0x08000000   0x08000000   0x000000ec   Data   RO            3    RESET               startup_stm32f103xb.o
    0x080000ec   0x080000ec   0x00000008   Code   RO         4336  * !!!main             c_w.l(__main.o)
    0x080000f4   0x080000f4   0x00000034   Code   RO         4667    !!!scatter          c_w.l(__scatter.o)
    0x08000128   0x08000128   0x0000001a   Code   RO         4669    !!handler_copy      c_w.l(__scatter_copy.o)
    0x08000142   0x08000142   0x00000002   PAD
    0x08000144   0x08000144   0x0000001c   Code   RO         4671    !!handler_zi        c_w.l(__scatter_zi.o)
    0x08000160   0x08000160   0x00000000   Code   RO         4325    .ARM.Collect$$_printf_percent$$00000000  c_w.l(_printf_percent.o)
    0x08000160   0x08000160   0x00000006   Code   RO         4324    .ARM.Collect$$_printf_percent$$00000009  c_w.l(_printf_d.o)
    0x08000166   0x08000166   0x00000004   Code   RO         4419    .ARM.Collect$$_printf_percent$$00000017  c_w.l(_printf_percent_end.o)
    0x0800016a   0x0800016a   0x00000002   Code   RO         4532    .ARM.Collect$$libinit$$00000000  c_w.l(libinit.o)
    0x0800016c   0x0800016c   0x00000000   Code   RO         4542    .ARM.Collect$$libinit$$00000002  c_w.l(libinit2.o)
    0x0800016c   0x0800016c   0x00000000   Code   RO         4544    .ARM.Collect$$libinit$$00000004  c_w.l(libinit2.o)
    0x0800016c   0x0800016c   0x00000000   Code   RO         4547    .ARM.Collect$$libinit$$0000000A  c_w.l(libinit2.o)
    0x0800016c   0x0800016c   0x00000000   Code   RO         4549    .ARM.Collect$$libinit$$0000000C  c_w.l(libinit2.o)
    0x0800016c   0x0800016c   0x00000000   Code   RO         4551    .ARM.Collect$$libinit$$0000000E  c_w.l(libinit2.o)
    0x0800016c   0x0800016c   0x00000000   Code   RO         4554    .ARM.Collect$$libinit$$00000011  c_w.l(libinit2.o)
    0x0800016c   0x0800016c   0x00000000   Code   RO         4556    .ARM.Collect$$libinit$$00000013  c_w.l(libinit2.o)
    0x0800016c   0x0800016c   0x00000000   Code   RO         4558    .ARM.Collect$$libinit$$00000015  c_w.l(libinit2.o)
    0x0800016c   0x0800016c   0x00000000   Code   RO         4560    .ARM.Collect$$libinit$$00000017  c_w.l(libinit2.o)
    0x0800016c   0x0800016c   0x00000000   Code   RO         4562    .ARM.Collect$$libinit$$00000019  c_w.l(libinit2.o)
    0x0800016c   0x0800016c   0x00000000   Code   RO         4564    .ARM.Collect$$libinit$$0000001B  c_w.l(libinit2.o)
    0x0800016c   0x0800016c   0x00000000   Code   RO         4566    .ARM.Collect$$libinit$$0000001D  c_w.l(libinit2.o)
    0x0800016c   0x0800016c   0x00000000   Code   RO         4568    .ARM.Collect$$libinit$$0000001F  c_w.l(libinit2.o)
    0x0800016c   0x0800016c   0x00000000   Code   RO         4570    .ARM.Collect$$libinit$$00000021  c_w.l(libinit2.o)
    0x0800016c   0x0800016c   0x00000000   Code   RO         4572    .ARM.Collect$$libinit$$00000023  c_w.l(libinit2.o)
    0x0800016c   0x0800016c   0x00000000   Code   RO         4574    .ARM.Collect$$libinit$$00000025  c_w.l(libinit2.o)
    0x0800016c   0x0800016c   0x00000000   Code   RO         4578    .ARM.Collect$$libinit$$0000002C  c_w.l(libinit2.o)
    0x0800016c   0x0800016c   0x00000000   Code   RO         4580    .ARM.Collect$$libinit$$0000002E  c_w.l(libinit2.o)
    0x0800016c   0x0800016c   0x00000000   Code   RO         4582    .ARM.Collect$$libinit$$00000030  c_w.l(libinit2.o)
    0x0800016c   0x0800016c   0x00000000   Code   RO         4584    .ARM.Collect$$libinit$$00000032  c_w.l(libinit2.o)
    0x0800016c   0x0800016c   0x00000002   Code   RO         4585    .ARM.Collect$$libinit$$00000033  c_w.l(libinit2.o)
    0x0800016e   0x0800016e   0x00000002   Code   RO         4615    .ARM.Collect$$libshutdown$$00000000  c_w.l(libshutdown.o)
    0x08000170   0x08000170   0x00000000   Code   RO         4632    .ARM.Collect$$libshutdown$$00000002  c_w.l(libshutdown2.o)
    0x08000170   0x08000170   0x00000000   Code   RO         4634    .ARM.Collect$$libshutdown$$00000004  c_w.l(libshutdown2.o)
    0x08000170   0x08000170   0x00000000   Code   RO         4636    .ARM.Collect$$libshutdown$$00000006  c_w.l(libshutdown2.o)
    0x08000170   0x08000170   0x00000000   Code   RO         4639    .ARM.Collect$$libshutdown$$00000009  c_w.l(libshutdown2.o)
    0x08000170   0x08000170   0x00000000   Code   RO         4642    .ARM.Collect$$libshutdown$$0000000C  c_w.l(libshutdown2.o)
    0x08000170   0x08000170   0x00000000   Code   RO         4644    .ARM.Collect$$libshutdown$$0000000E  c_w.l(libshutdown2.o)
    0x08000170   0x08000170   0x00000000   Code   RO         4647    .ARM.Collect$$libshutdown$$00000011  c_w.l(libshutdown2.o)
    0x08000170   0x08000170   0x00000002   Code   RO         4648    .ARM.Collect$$libshutdown$$00000012  c_w.l(libshutdown2.o)
    0x08000172   0x08000172   0x00000000   Code   RO         4408    .ARM.Collect$$rtentry$$00000000  c_w.l(__rtentry.o)
    0x08000172   0x08000172   0x00000000   Code   RO         4481    .ARM.Collect$$rtentry$$00000002  c_w.l(__rtentry2.o)
    0x08000172   0x08000172   0x00000006   Code   RO         4493    .ARM.Collect$$rtentry$$00000004  c_w.l(__rtentry4.o)
    0x08000178   0x08000178   0x00000000   Code   RO         4483    .ARM.Collect$$rtentry$$00000009  c_w.l(__rtentry2.o)
    0x08000178   0x08000178   0x00000004   Code   RO         4484    .ARM.Collect$$rtentry$$0000000A  c_w.l(__rtentry2.o)
    0x0800017c   0x0800017c   0x00000000   Code   RO         4486    .ARM.Collect$$rtentry$$0000000C  c_w.l(__rtentry2.o)
    0x0800017c   0x0800017c   0x00000008   Code   RO         4487    .ARM.Collect$$rtentry$$0000000D  c_w.l(__rtentry2.o)
    0x08000184   0x08000184   0x00000002   Code   RO         4535    .ARM.Collect$$rtexit$$00000000  c_w.l(rtexit.o)
    0x08000186   0x08000186   0x00000000   Code   RO         4587    .ARM.Collect$$rtexit$$00000002  c_w.l(rtexit2.o)
    0x08000186   0x08000186   0x00000004   Code   RO         4588    .ARM.Collect$$rtexit$$00000003  c_w.l(rtexit2.o)
    0x0800018a   0x0800018a   0x00000006   Code   RO         4589    .ARM.Collect$$rtexit$$00000004  c_w.l(rtexit2.o)
    0x08000190   0x08000190   0x00000040   Code   RO            4    .text               startup_stm32f103xb.o
    0x080001d0   0x080001d0   0x00000028   Code   RO         4298    .text               c_w.l(noretval__2sprintf.o)
    0x080001f8   0x080001f8   0x00000068   Code   RO         4300    .text               c_w.l(__printf.o)
    0x08000260   0x08000260   0x00000078   Code   RO         4302    .text               c_w.l(_printf_dec.o)
    0x080002d8   0x080002d8   0x00000058   Code   RO         4326    .text               c_w.l(memcmp.o)
    0x08000330   0x08000330   0x0000003e   Code   RO         4328    .text               c_w.l(strlen.o)
    0x0800036e   0x0800036e   0x00000010   Code   RO         4330    .text               c_w.l(aeabi_memset.o)
    0x0800037e   0x0800037e   0x0000004e   Code   RO         4332    .text               c_w.l(rt_memclr_w.o)
    0x080003cc   0x080003cc   0x00000006   Code   RO         4334    .text               c_w.l(heapauxi.o)
    0x080003d2   0x080003d2   0x00000016   Code   RO         4411    .text               c_w.l(_rserrno.o)
    0x080003e8   0x080003e8   0x000000b2   Code   RO         4413    .text               c_w.l(_printf_intcommon.o)
    0x0800049a   0x0800049a   0x00000002   PAD
    0x0800049c   0x0800049c   0x00000030   Code   RO         4415    .text               c_w.l(_printf_char_common.o)
    0x080004cc   0x080004cc   0x0000000a   Code   RO         4417    .text               c_w.l(_sputc.o)
    0x080004d6   0x080004d6   0x00000044   Code   RO         4420    .text               c_w.l(rt_memclr.o)
    0x0800051a   0x0800051a   0x00000002   PAD
    0x0800051c   0x0800051c   0x00000008   Code   RO         4502    .text               c_w.l(rt_errno_addr_intlibspace.o)
    0x08000524   0x08000524   0x00000008   Code   RO         4518    .text               c_w.l(libspace.o)
    0x0800052c   0x0800052c   0x0000004a   Code   RO         4521    .text               c_w.l(sys_stackheap_outer.o)
    0x08000576   0x08000576   0x00000012   Code   RO         4525    .text               c_w.l(exit.o)
    0x08000588   0x08000588   0x0000000c   Code   RO         4603    .text               c_w.l(sys_exit.o)
    0x08000594   0x08000594   0x00000002   Code   RO         4620    .text               c_w.l(use_no_semi.o)
    0x08000596   0x08000596   0x00000000   Code   RO         4622    .text               c_w.l(indicate_semi.o)
    0x08000596   0x08000596   0x00000002   Code   RO          442    i.BusFault_Handler  stm32f1xx_it.o
    0x08000598   0x08000598   0x00000002   Code   RO          443    i.DebugMon_Handler  stm32f1xx_it.o
    0x0800059a   0x0800059a   0x00000004   Code   RO           13    i.Error_Handler     main.o
    0x0800059e   0x0800059e   0x00000024   Code   RO          609    i.HAL_CAN_ActivateNotification  stm32f1xx_hal_can.o
    0x080005c2   0x080005c2   0x000000d0   Code   RO          610    i.HAL_CAN_AddTxMessage  stm32f1xx_hal_can.o
    0x08000692   0x08000692   0x00000002   PAD
    0x08000694   0x08000694   0x000000ee   Code   RO          611    i.HAL_CAN_ConfigFilter  stm32f1xx_hal_can.o
    0x08000782   0x08000782   0x00000002   Code   RO          614    i.HAL_CAN_ErrorCallback  stm32f1xx_hal_can.o
    0x08000784   0x08000784   0x000001fc   Code   RO          621    i.HAL_CAN_IRQHandler  stm32f1xx_hal_can.o
    0x08000980   0x08000980   0x0000011a   Code   RO          622    i.HAL_CAN_Init      stm32f1xx_hal_can.o
    0x08000a9a   0x08000a9a   0x00000002   PAD
    0x08000a9c   0x08000a9c   0x0000008c   Code   RO          227    i.HAL_CAN_MspInit   can.o
    0x08000b28   0x08000b28   0x00000002   Code   RO          629    i.HAL_CAN_RxFifo0FullCallback  stm32f1xx_hal_can.o
    0x08000b2a   0x08000b2a   0x00000002   Code   RO          630    i.HAL_CAN_RxFifo0MsgPendingCallback  stm32f1xx_hal_can.o
    0x08000b2c   0x08000b2c   0x00000002   Code   RO          631    i.HAL_CAN_RxFifo1FullCallback  stm32f1xx_hal_can.o
    0x08000b2e   0x08000b2e   0x00000002   Code   RO          632    i.HAL_CAN_RxFifo1MsgPendingCallback  stm32f1xx_hal_can.o
    0x08000b30   0x08000b30   0x00000002   Code   RO          633    i.HAL_CAN_SleepCallback  stm32f1xx_hal_can.o
    0x08000b32   0x08000b32   0x00000002   PAD
    0x08000b34   0x08000b34   0x00000058   Code   RO          634    i.HAL_CAN_Start     stm32f1xx_hal_can.o
    0x08000b8c   0x08000b8c   0x00000002   Code   RO          636    i.HAL_CAN_TxMailbox0AbortCallback  stm32f1xx_hal_can.o
    0x08000b8e   0x08000b8e   0x00000002   Code   RO          637    i.HAL_CAN_TxMailbox0CompleteCallback  stm32f1xx_hal_can.o
    0x08000b90   0x08000b90   0x00000002   Code   RO          638    i.HAL_CAN_TxMailbox1AbortCallback  stm32f1xx_hal_can.o
    0x08000b92   0x08000b92   0x00000002   Code   RO          639    i.HAL_CAN_TxMailbox1CompleteCallback  stm32f1xx_hal_can.o
    0x08000b94   0x08000b94   0x00000002   Code   RO          640    i.HAL_CAN_TxMailbox2AbortCallback  stm32f1xx_hal_can.o
    0x08000b96   0x08000b96   0x00000002   Code   RO          641    i.HAL_CAN_TxMailbox2CompleteCallback  stm32f1xx_hal_can.o
    0x08000b98   0x08000b98   0x00000002   Code   RO          643    i.HAL_CAN_WakeUpFromRxMsgCallback  stm32f1xx_hal_can.o
    0x08000b9a   0x08000b9a   0x00000046   Code   RO         1223    i.HAL_DMA_Abort     stm32f1xx_hal_dma.o
    0x08000be0   0x08000be0   0x00000098   Code   RO         1224    i.HAL_DMA_Abort_IT  stm32f1xx_hal_dma.o
    0x08000c78   0x08000c78   0x00000024   Code   RO          849    i.HAL_Delay         stm32f1xx_hal.o
    0x08000c9c   0x08000c9c   0x000001e0   Code   RO         1159    i.HAL_GPIO_Init     stm32f1xx_hal_gpio.o
    0x08000e7c   0x08000e7c   0x0000000a   Code   RO         1163    i.HAL_GPIO_WritePin  stm32f1xx_hal_gpio.o
    0x08000e86   0x08000e86   0x00000002   PAD
    0x08000e88   0x08000e88   0x0000000c   Code   RO          853    i.HAL_GetTick       stm32f1xx_hal.o
    0x08000e94   0x08000e94   0x00000188   Code   RO         1830    i.HAL_I2C_Init      stm32f1xx_hal_i2c.o
    0x0800101c   0x0800101c   0x0000025c   Code   RO         1848    i.HAL_I2C_Mem_Read  stm32f1xx_hal_i2c.o
    0x08001278   0x08001278   0x00000130   Code   RO         1851    i.HAL_I2C_Mem_Write  stm32f1xx_hal_i2c.o
    0x080013a8   0x080013a8   0x00000070   Code   RO          269    i.HAL_I2C_MspInit   i2c.o
    0x08001418   0x08001418   0x00000010   Code   RO          859    i.HAL_IncTick       stm32f1xx_hal.o
    0x08001428   0x08001428   0x00000024   Code   RO          860    i.HAL_Init          stm32f1xx_hal.o
    0x0800144c   0x0800144c   0x00000040   Code   RO          861    i.HAL_InitTick      stm32f1xx_hal.o
    0x0800148c   0x0800148c   0x0000003c   Code   RO          548    i.HAL_MspInit       stm32f1xx_hal_msp.o
    0x080014c8   0x080014c8   0x0000001a   Code   RO         1319    i.HAL_NVIC_EnableIRQ  stm32f1xx_hal_cortex.o
    0x080014e2   0x080014e2   0x00000002   PAD
    0x080014e4   0x080014e4   0x00000040   Code   RO         1325    i.HAL_NVIC_SetPriority  stm32f1xx_hal_cortex.o
    0x08001524   0x08001524   0x00000024   Code   RO         1326    i.HAL_NVIC_SetPriorityGrouping  stm32f1xx_hal_cortex.o
    0x08001548   0x08001548   0x0000012c   Code   RO         1017    i.HAL_RCC_ClockConfig  stm32f1xx_hal_rcc.o
    0x08001674   0x08001674   0x00000020   Code   RO         1024    i.HAL_RCC_GetPCLK1Freq  stm32f1xx_hal_rcc.o
    0x08001694   0x08001694   0x00000020   Code   RO         1025    i.HAL_RCC_GetPCLK2Freq  stm32f1xx_hal_rcc.o
    0x080016b4   0x080016b4   0x0000004c   Code   RO         1026    i.HAL_RCC_GetSysClockFreq  stm32f1xx_hal_rcc.o
    0x08001700   0x08001700   0x00000320   Code   RO         1029    i.HAL_RCC_OscConfig  stm32f1xx_hal_rcc.o
    0x08001a20   0x08001a20   0x00000028   Code   RO         1330    i.HAL_SYSTICK_Config  stm32f1xx_hal_cortex.o
    0x08001a48   0x08001a48   0x00000002   Code   RO         2962    i.HAL_TIMEx_BreakCallback  stm32f1xx_hal_tim_ex.o
    0x08001a4a   0x08001a4a   0x00000002   Code   RO         2963    i.HAL_TIMEx_CommutCallback  stm32f1xx_hal_tim_ex.o
    0x08001a4c   0x08001a4c   0x00000054   Code   RO         2965    i.HAL_TIMEx_ConfigBreakDeadTime  stm32f1xx_hal_tim_ex.o
    0x08001aa0   0x08001aa0   0x00000068   Code   RO         2981    i.HAL_TIMEx_MasterConfigSynchronization  stm32f1xx_hal_tim_ex.o
    0x08001b08   0x08001b08   0x0000005a   Code   RO         2258    i.HAL_TIM_Base_Init  stm32f1xx_hal_tim.o
    0x08001b62   0x08001b62   0x00000002   PAD
    0x08001b64   0x08001b64   0x00000054   Code   RO          311    i.HAL_TIM_Base_MspInit  tim.o
    0x08001bb8   0x08001bb8   0x00000058   Code   RO         2263    i.HAL_TIM_Base_Start_IT  stm32f1xx_hal_tim.o
    0x08001c10   0x08001c10   0x000000dc   Code   RO         2267    i.HAL_TIM_ConfigClockSource  stm32f1xx_hal_tim.o
    0x08001cec   0x08001cec   0x000000a4   Code   RO         2279    i.HAL_TIM_Encoder_Init  stm32f1xx_hal_tim.o
    0x08001d90   0x08001d90   0x000000a8   Code   RO          313    i.HAL_TIM_Encoder_MspInit  tim.o
    0x08001e38   0x08001e38   0x0000008e   Code   RO         2282    i.HAL_TIM_Encoder_Start  stm32f1xx_hal_tim.o
    0x08001ec6   0x08001ec6   0x00000002   Code   RO         2292    i.HAL_TIM_IC_CaptureCallback  stm32f1xx_hal_tim.o
    0x08001ec8   0x08001ec8   0x00000130   Code   RO         2306    i.HAL_TIM_IRQHandler  stm32f1xx_hal_tim.o
    0x08001ff8   0x08001ff8   0x00000050   Code   RO          314    i.HAL_TIM_MspPostInit  tim.o
    0x08002048   0x08002048   0x00000002   Code   RO         2309    i.HAL_TIM_OC_DelayElapsedCallback  stm32f1xx_hal_tim.o
    0x0800204a   0x0800204a   0x000000cc   Code   RO         2330    i.HAL_TIM_PWM_ConfigChannel  stm32f1xx_hal_tim.o
    0x08002116   0x08002116   0x0000005a   Code   RO         2333    i.HAL_TIM_PWM_Init  stm32f1xx_hal_tim.o
    0x08002170   0x08002170   0x00000002   Code   RO         2335    i.HAL_TIM_PWM_MspInit  stm32f1xx_hal_tim.o
    0x08002172   0x08002172   0x00000002   Code   RO         2336    i.HAL_TIM_PWM_PulseFinishedCallback  stm32f1xx_hal_tim.o
    0x08002174   0x08002174   0x0000009c   Code   RO         2338    i.HAL_TIM_PWM_Start  stm32f1xx_hal_tim.o
    0x08002210   0x08002210   0x00000234   Code   RO           14    i.HAL_TIM_PeriodElapsedCallback  main.o
    0x08002444   0x08002444   0x00000002   Code   RO         2349    i.HAL_TIM_TriggerCallback  stm32f1xx_hal_tim.o
    0x08002446   0x08002446   0x00000002   Code   RO         3241    i.HAL_UARTEx_RxEventCallback  stm32f1xx_hal_uart.o
    0x08002448   0x08002448   0x00000002   Code   RO         3255    i.HAL_UART_ErrorCallback  stm32f1xx_hal_uart.o
    0x0800244a   0x0800244a   0x00000002   PAD
    0x0800244c   0x0800244c   0x0000026c   Code   RO         3258    i.HAL_UART_IRQHandler  stm32f1xx_hal_uart.o
    0x080026b8   0x080026b8   0x00000064   Code   RO         3259    i.HAL_UART_Init     stm32f1xx_hal_uart.o
    0x0800271c   0x0800271c   0x0000013c   Code   RO          389    i.HAL_UART_MspInit  usart.o
    0x08002858   0x08002858   0x0000001c   Code   RO         3264    i.HAL_UART_Receive_IT  stm32f1xx_hal_uart.o
    0x08002874   0x08002874   0x00000028   Code   RO           15    i.HAL_UART_RxCpltCallback  main.o
    0x0800289c   0x0800289c   0x000000a0   Code   RO         3267    i.HAL_UART_Transmit  stm32f1xx_hal_uart.o
    0x0800293c   0x0800293c   0x00000002   Code   RO         3270    i.HAL_UART_TxCpltCallback  stm32f1xx_hal_uart.o
    0x0800293e   0x0800293e   0x00000002   Code   RO          444    i.HardFault_Handler  stm32f1xx_it.o
    0x08002940   0x08002940   0x0000002e   Code   RO         1873    i.I2C_IsAcknowledgeFailed  stm32f1xx_hal_i2c.o
    0x0800296e   0x0800296e   0x00000002   PAD
    0x08002970   0x08002970   0x000000fc   Code   RO         1883    i.I2C_RequestMemoryRead  stm32f1xx_hal_i2c.o
    0x08002a6c   0x08002a6c   0x000000a8   Code   RO         1884    i.I2C_RequestMemoryWrite  stm32f1xx_hal_i2c.o
    0x08002b14   0x08002b14   0x00000056   Code   RO         1888    i.I2C_WaitOnBTFFlagUntilTimeout  stm32f1xx_hal_i2c.o
    0x08002b6a   0x08002b6a   0x00000002   PAD
    0x08002b6c   0x08002b6c   0x00000090   Code   RO         1889    i.I2C_WaitOnFlagUntilTimeout  stm32f1xx_hal_i2c.o
    0x08002bfc   0x08002bfc   0x000000bc   Code   RO         1890    i.I2C_WaitOnMasterAddressFlagUntilTimeout  stm32f1xx_hal_i2c.o
    0x08002cb8   0x08002cb8   0x00000070   Code   RO         1891    i.I2C_WaitOnRXNEFlagUntilTimeout  stm32f1xx_hal_i2c.o
    0x08002d28   0x08002d28   0x00000056   Code   RO         1892    i.I2C_WaitOnTXEFlagUntilTimeout  stm32f1xx_hal_i2c.o
    0x08002d7e   0x08002d7e   0x00000002   PAD
    0x08002d80   0x08002d80   0x0000019c   Code   RO         4160    i.MPU6050_DMP_Get_Date  mpu6050.o
    0x08002f1c   0x08002f1c   0x000000a4   Code   RO         4161    i.MPU6050_DMP_init  mpu6050.o
    0x08002fc0   0x08002fc0   0x00000044   Code   RO          228    i.MX_CAN_Init       can.o
    0x08003004   0x08003004   0x00000084   Code   RO          202    i.MX_GPIO_Init      gpio.o
    0x08003088   0x08003088   0x00000040   Code   RO          270    i.MX_I2C1_Init      i2c.o
    0x080030c8   0x080030c8   0x000000d8   Code   RO          315    i.MX_TIM1_Init      tim.o
    0x080031a0   0x080031a0   0x00000068   Code   RO          316    i.MX_TIM2_Init      tim.o
    0x08003208   0x08003208   0x0000006c   Code   RO          317    i.MX_TIM3_Init      tim.o
    0x08003274   0x08003274   0x00000068   Code   RO          318    i.MX_TIM4_Init      tim.o
    0x080032dc   0x080032dc   0x00000038   Code   RO          390    i.MX_USART1_UART_Init  usart.o
    0x08003314   0x08003314   0x00000038   Code   RO          391    i.MX_USART2_UART_Init  usart.o
    0x0800334c   0x0800334c   0x00000038   Code   RO          392    i.MX_USART3_UART_Init  usart.o
    0x08003384   0x08003384   0x00000002   Code   RO          445    i.MemManage_Handler  stm32f1xx_it.o
    0x08003386   0x08003386   0x00000002   Code   RO          446    i.NMI_Handler       stm32f1xx_it.o
    0x08003388   0x08003388   0x00000118   Code   RO         4191    i.PID_calc          pid.o
    0x080034a0   0x080034a0   0x00000038   Code   RO         4193    i.PID_init          pid.o
    0x080034d8   0x080034d8   0x00000002   Code   RO          447    i.PendSV_Handler    stm32f1xx_it.o
    0x080034da   0x080034da   0x00000002   Code   RO          448    i.SVC_Handler       stm32f1xx_it.o
    0x080034dc   0x080034dc   0x00000004   Code   RO          449    i.SysTick_Handler   stm32f1xx_it.o
    0x080034e0   0x080034e0   0x0000005e   Code   RO           16    i.SystemClock_Config  main.o
    0x0800353e   0x0800353e   0x00000002   Code   RO         3593    i.SystemInit        system_stm32f1xx.o
    0x08003540   0x08003540   0x0000000c   Code   RO          450    i.TIM4_IRQHandler   stm32f1xx_it.o
    0x0800354c   0x0800354c   0x00000078   Code   RO         2351    i.TIM_Base_SetConfig  stm32f1xx_hal_tim.o
    0x080035c4   0x080035c4   0x0000001a   Code   RO         2352    i.TIM_CCxChannelCmd  stm32f1xx_hal_tim.o
    0x080035de   0x080035de   0x00000014   Code   RO         2362    i.TIM_ETR_SetConfig  stm32f1xx_hal_tim.o
    0x080035f2   0x080035f2   0x00000010   Code   RO         2363    i.TIM_ITRx_SetConfig  stm32f1xx_hal_tim.o
    0x08003602   0x08003602   0x00000002   PAD
    0x08003604   0x08003604   0x00000050   Code   RO         2364    i.TIM_OC1_SetConfig  stm32f1xx_hal_tim.o
    0x08003654   0x08003654   0x00000058   Code   RO         2365    i.TIM_OC2_SetConfig  stm32f1xx_hal_tim.o
    0x080036ac   0x080036ac   0x00000058   Code   RO         2366    i.TIM_OC3_SetConfig  stm32f1xx_hal_tim.o
    0x08003704   0x08003704   0x00000044   Code   RO         2367    i.TIM_OC4_SetConfig  stm32f1xx_hal_tim.o
    0x08003748   0x08003748   0x00000022   Code   RO         2369    i.TIM_TI1_ConfigInputStage  stm32f1xx_hal_tim.o
    0x0800376a   0x0800376a   0x00000024   Code   RO         2371    i.TIM_TI2_ConfigInputStage  stm32f1xx_hal_tim.o
    0x0800378e   0x0800378e   0x00000010   Code   RO         3272    i.UART_DMAAbortOnError  stm32f1xx_hal_uart.o
    0x0800379e   0x0800379e   0x0000004e   Code   RO         3282    i.UART_EndRxTransfer  stm32f1xx_hal_uart.o
    0x080037ec   0x080037ec   0x000000c2   Code   RO         3284    i.UART_Receive_IT   stm32f1xx_hal_uart.o
    0x080038ae   0x080038ae   0x00000002   PAD
    0x080038b0   0x080038b0   0x000000b8   Code   RO         3285    i.UART_SetConfig    stm32f1xx_hal_uart.o
    0x08003968   0x08003968   0x00000036   Code   RO         3287    i.UART_Start_Receive_IT  stm32f1xx_hal_uart.o
    0x0800399e   0x0800399e   0x00000072   Code   RO         3288    i.UART_WaitOnFlagUntilTimeout  stm32f1xx_hal_uart.o
    0x08003a10   0x08003a10   0x0000000c   Code   RO          451    i.USART1_IRQHandler  stm32f1xx_it.o
    0x08003a1c   0x08003a1c   0x0000000c   Code   RO          452    i.USART3_IRQHandler  stm32f1xx_it.o
    0x08003a28   0x08003a28   0x0000000c   Code   RO          453    i.USB_HP_CAN1_TX_IRQHandler  stm32f1xx_it.o
    0x08003a34   0x08003a34   0x0000000c   Code   RO          454    i.USB_LP_CAN1_RX0_IRQHandler  stm32f1xx_it.o
    0x08003a40   0x08003a40   0x00000002   Code   RO          455    i.UsageFault_Handler  stm32f1xx_it.o
    0x08003a42   0x08003a42   0x00000028   Code   RO         4467    i.__ARM_fpclassify  m_ws.l(fpclassify.o)
    0x08003a6a   0x08003a6a   0x00000020   Code   RO         1332    i.__NVIC_SetPriority  stm32f1xx_hal_cortex.o
    0x08003a8a   0x08003a8a   0x000000aa   Code   RO         4469    i.__kernel_poly     m_ws.l(poly.o)
    0x08003b34   0x08003b34   0x00000006   Code   RO         4454    i.__mathlib_dbl_infnan  m_ws.l(dunder.o)
    0x08003b3a   0x08003b3a   0x00000004   Code   RO         4455    i.__mathlib_dbl_infnan2  m_ws.l(dunder.o)
    0x08003b3e   0x08003b3e   0x0000000c   Code   RO         4456    i.__mathlib_dbl_invalid  m_ws.l(dunder.o)
    0x08003b4a   0x08003b4a   0x00000002   PAD
    0x08003b4c   0x08003b4c   0x00000010   Code   RO         4459    i.__mathlib_dbl_underflow  m_ws.l(dunder.o)
    0x08003b5c   0x08003b5c   0x00000270   Code   RO         4391    i.asin              m_ws.l(asin.o)
    0x08003dcc   0x08003dcc   0x00000220   Code   RO         4444    i.atan              m_ws.l(atan.o)
    0x08003fec   0x08003fec   0x0000019c   Code   RO         4401    i.atan2             m_ws.l(atan2.o)
    0x08004188   0x08004188   0x0000003a   Code   RO         3971    i.dmp_enable_6x_lp_quat  inv_mpu_dmp_motion_driver.o
    0x080041c2   0x080041c2   0x00000002   PAD
    0x080041c4   0x080041c4   0x000001d8   Code   RO         3972    i.dmp_enable_feature  inv_mpu_dmp_motion_driver.o
    0x0800439c   0x0800439c   0x0000003c   Code   RO         3973    i.dmp_enable_gyro_cal  inv_mpu_dmp_motion_driver.o
    0x080043d8   0x080043d8   0x0000003a   Code   RO         3974    i.dmp_enable_lp_quat  inv_mpu_dmp_motion_driver.o
    0x08004412   0x08004412   0x00000002   PAD
    0x08004414   0x08004414   0x00000014   Code   RO         3979    i.dmp_load_motion_driver_firmware  inv_mpu_dmp_motion_driver.o
    0x08004428   0x08004428   0x00000168   Code   RO         3980    i.dmp_read_fifo     inv_mpu_dmp_motion_driver.o
    0x08004590   0x08004590   0x00000064   Code   RO         3984    i.dmp_set_fifo_rate  inv_mpu_dmp_motion_driver.o
    0x080045f4   0x080045f4   0x0000010c   Code   RO         3987    i.dmp_set_orientation  inv_mpu_dmp_motion_driver.o
    0x08004700   0x08004700   0x00000030   Code   RO         3990    i.dmp_set_shake_reject_thresh  inv_mpu_dmp_motion_driver.o
    0x08004730   0x08004730   0x00000020   Code   RO         3991    i.dmp_set_shake_reject_time  inv_mpu_dmp_motion_driver.o
    0x08004750   0x08004750   0x00000020   Code   RO         3992    i.dmp_set_shake_reject_timeout  inv_mpu_dmp_motion_driver.o
    0x08004770   0x08004770   0x00000040   Code   RO         3993    i.dmp_set_tap_axes  inv_mpu_dmp_motion_driver.o
    0x080047b0   0x080047b0   0x00000022   Code   RO         3994    i.dmp_set_tap_count  inv_mpu_dmp_motion_driver.o
    0x080047d2   0x080047d2   0x00000002   PAD
    0x080047d4   0x080047d4   0x00000128   Code   RO         3995    i.dmp_set_tap_thresh  inv_mpu_dmp_motion_driver.o
    0x080048fc   0x080048fc   0x00000020   Code   RO         3996    i.dmp_set_tap_time  inv_mpu_dmp_motion_driver.o
    0x0800491c   0x0800491c   0x00000020   Code   RO         3997    i.dmp_set_tap_time_multi  inv_mpu_dmp_motion_driver.o
    0x0800493c   0x0800493c   0x00000048   Code   RO         4162    i.inv_row_2_scale   mpu6050.o
    0x08004984   0x08004984   0x00000344   Code   RO           17    i.main              main.o
    0x08004cc8   0x08004cc8   0x00000054   Code   RO         3634    i.mpu_configure_fifo  inv_mpu.o
    0x08004d1c   0x08004d1c   0x0000003c   Code   RO         3635    i.mpu_get_accel_fsr  inv_mpu.o
    0x08004d58   0x08004d58   0x000000dc   Code   RO         3651    i.mpu_init          inv_mpu.o
    0x08004e34   0x08004e34   0x000000b0   Code   RO         3652    i.mpu_load_firmware  inv_mpu.o
    0x08004ee4   0x08004ee4   0x000000d4   Code   RO         3653    i.mpu_lp_accel_mode  inv_mpu.o
    0x08004fb8   0x08004fb8   0x000000c0   Code   RO         3659    i.mpu_read_fifo_stream  inv_mpu.o
    0x08005078   0x08005078   0x00000074   Code   RO         3660    i.mpu_read_mem      inv_mpu.o
    0x080050ec   0x080050ec   0x000001c0   Code   RO         3663    i.mpu_reset_fifo    inv_mpu.o
    0x080052ac   0x080052ac   0x00000078   Code   RO         3667    i.mpu_set_accel_fsr  inv_mpu.o
    0x08005324   0x08005324   0x00000138   Code   RO         3668    i.mpu_set_bypass    inv_mpu.o
    0x0800545c   0x0800545c   0x00000094   Code   RO         3670    i.mpu_set_dmp_state  inv_mpu.o
    0x080054f0   0x080054f0   0x00000080   Code   RO         3672    i.mpu_set_gyro_fsr  inv_mpu.o
    0x08005570   0x08005570   0x00000074   Code   RO         3673    i.mpu_set_int_latched  inv_mpu.o
    0x080055e4   0x080055e4   0x00000080   Code   RO         3675    i.mpu_set_lpf       inv_mpu.o
    0x08005664   0x08005664   0x00000098   Code   RO         3676    i.mpu_set_sample_rate  inv_mpu.o
    0x080056fc   0x080056fc   0x000000dc   Code   RO         3677    i.mpu_set_sensors   inv_mpu.o
    0x080057d8   0x080057d8   0x00000074   Code   RO         3678    i.mpu_write_mem     inv_mpu.o
    0x0800584c   0x0800584c   0x0000007c   Code   RO         3679    i.set_int_enable    inv_mpu.o
    0x080058c8   0x080058c8   0x0000004c   Code   RO         4473    i.sqrt              m_ws.l(sqrt.o)
    0x08005914   0x08005914   0x00000062   Code   RO         4338    x$fpl$d2f           fz_ws.l(d2f.o)
    0x08005976   0x08005976   0x00000002   PAD
    0x08005978   0x08005978   0x00000150   Code   RO         4340    x$fpl$dadd          fz_ws.l(daddsub_clz.o)
    0x08005ac8   0x08005ac8   0x00000010   Code   RO         4506    x$fpl$dcheck1       fz_ws.l(dcheck1.o)
    0x08005ad8   0x08005ad8   0x00000018   Code   RO         4508    x$fpl$dcmpinf       fz_ws.l(dcmpi.o)
    0x08005af0   0x08005af0   0x000002b0   Code   RO         4423    x$fpl$ddiv          fz_ws.l(ddiv.o)
    0x08005da0   0x08005da0   0x00000078   Code   RO         4426    x$fpl$deqf          fz_ws.l(deqf.o)
    0x08005e18   0x08005e18   0x0000005e   Code   RO         4346    x$fpl$dfix          fz_ws.l(dfix.o)
    0x08005e76   0x08005e76   0x0000002e   Code   RO         4351    x$fpl$dflt          fz_ws.l(dflt_clz.o)
    0x08005ea4   0x08005ea4   0x00000154   Code   RO         4356    x$fpl$dmul          fz_ws.l(dmul.o)
    0x08005ff8   0x08005ff8   0x0000009c   Code   RO         4428    x$fpl$dnaninf       fz_ws.l(dnaninf.o)
    0x08006094   0x08006094   0x0000000c   Code   RO         4430    x$fpl$dretinf       fz_ws.l(dretinf.o)
    0x080060a0   0x080060a0   0x00000016   Code   RO         4341    x$fpl$drsb          fz_ws.l(daddsub_clz.o)
    0x080060b6   0x080060b6   0x00000002   PAD
    0x080060b8   0x080060b8   0x000001cc   Code   RO         4512    x$fpl$dsqrt         fz_ws.l(dsqrt_noumaal.o)
    0x08006284   0x08006284   0x000001d4   Code   RO         4342    x$fpl$dsub          fz_ws.l(daddsub_clz.o)
    0x08006458   0x08006458   0x00000056   Code   RO         4358    x$fpl$f2d           fz_ws.l(f2d.o)
    0x080064ae   0x080064ae   0x00000002   PAD
    0x080064b0   0x080064b0   0x000000c4   Code   RO         4360    x$fpl$fadd          fz_ws.l(faddsub_clz.o)
    0x08006574   0x08006574   0x0000000c   Code   RO         4432    x$fpl$fcheck1       fz_ws.l(fcheck1.o)
    0x08006580   0x08006580   0x00000018   Code   RO         4514    x$fpl$fcmpinf       fz_ws.l(fcmpi.o)
    0x08006598   0x08006598   0x00000184   Code   RO         4367    x$fpl$fdiv          fz_ws.l(fdiv.o)
    0x0800671c   0x0800671c   0x00000036   Code   RO         4370    x$fpl$ffix          fz_ws.l(ffix.o)
    0x08006752   0x08006752   0x00000002   PAD
    0x08006754   0x08006754   0x0000003e   Code   RO         4374    x$fpl$ffixu         fz_ws.l(ffixu.o)
    0x08006792   0x08006792   0x00000002   PAD
    0x08006794   0x08006794   0x00000030   Code   RO         4379    x$fpl$fflt          fz_ws.l(fflt_clz.o)
    0x080067c4   0x080067c4   0x00000026   Code   RO         4378    x$fpl$ffltu         fz_ws.l(fflt_clz.o)
    0x080067ea   0x080067ea   0x00000002   PAD
    0x080067ec   0x080067ec   0x00000068   Code   RO         4434    x$fpl$fleqf         fz_ws.l(fleqf.o)
    0x08006854   0x08006854   0x00000102   Code   RO         4384    x$fpl$fmul          fz_ws.l(fmul.o)
    0x08006956   0x08006956   0x0000008c   Code   RO         4436    x$fpl$fnaninf       fz_ws.l(fnaninf.o)
    0x080069e2   0x080069e2   0x0000000a   Code   RO         4438    x$fpl$fretinf       fz_ws.l(fretinf.o)
    0x080069ec   0x080069ec   0x00000062   Code   RO         4386    x$fpl$frleqf        fz_ws.l(frleqf.o)
    0x08006a4e   0x08006a4e   0x00000014   Code   RO         4361    x$fpl$frsb          fz_ws.l(faddsub_clz.o)
    0x08006a62   0x08006a62   0x00000002   PAD
    0x08006a64   0x08006a64   0x000000ea   Code   RO         4362    x$fpl$fsub          fz_ws.l(faddsub_clz.o)
    0x08006b4e   0x08006b4e   0x00000064   Code   RO         4516    x$fpl$retnan        fz_ws.l(retnan.o)
    0x08006bb2   0x08006bb2   0x0000005c   Code   RO         4440    x$fpl$scalbn        fz_ws.l(scalbn.o)
    0x08006c0e   0x08006c0e   0x0000004c   Code   RO         4388    x$fpl$scalbnf       fz_ws.l(scalbnf.o)
    0x08006c5a   0x08006c5a   0x00000030   Code   RO         4533    x$fpl$trapveneer    fz_ws.l(trapv.o)
    0x08006c8a   0x08006c8a   0x00000000   Code   RO         4442    x$fpl$usenofp       fz_ws.l(usenofp.o)
    0x08006c8a   0x08006c8a   0x00000002   PAD
    0x08006c8c   0x08006c8c   0x00000030   Data   RO           19    .constdata          main.o
    0x08006cbc   0x08006cbc   0x00000012   Data   RO         1030    .constdata          stm32f1xx_hal_rcc.o
    0x08006cce   0x08006cce   0x00000010   Data   RO         3594    .constdata          system_stm32f1xx.o
    0x08006cde   0x08006cde   0x00000008   Data   RO         3595    .constdata          system_stm32f1xx.o
    0x08006ce6   0x08006ce6   0x0000001e   Data   RO         3680    .constdata          inv_mpu.o
    0x08006d04   0x08006d04   0x0000000c   Data   RO         3681    .constdata          inv_mpu.o
    0x08006d10   0x08006d10   0x00000028   Data   RO         3682    .constdata          inv_mpu.o
    0x08006d38   0x08006d38   0x00000bf6   Data   RO         3999    .constdata          inv_mpu_dmp_motion_driver.o
    0x0800792e   0x0800792e   0x00000002   PAD
    0x08007930   0x08007930   0x00000050   Data   RO         4392    .constdata          m_ws.l(asin.o)
    0x08007980   0x08007980   0x00000098   Data   RO         4445    .constdata          m_ws.l(atan.o)
    0x08007a18   0x08007a18   0x00000008   Data   RO         4471    .constdata          m_ws.l(qnan.o)
    0x08007a20   0x08007a20   0x00000020   Data   RO         4665    Region$$Table       anon$$obj.o


    Execution Region RW_IRAM1 (Exec base: 0x20000000, Load base: 0x08007a40, Size: 0x00000ac8, Max: 0x00005000, ABSOLUTE)

    Exec Addr    Load Addr    Size         Type   Attr      Idx    E Section Name        Object

    0x20000000   0x08007a40   0x00000064   Data   RW           20    .data               main.o
    0x20000064   0x08007aa4   0x0000000c   Data   RW          867    .data               stm32f1xx_hal.o
    0x20000070   0x08007ab0   0x00000004   Data   RW         3596    .data               system_stm32f1xx.o
    0x20000074   0x08007ab4   0x0000002c   Data   RW         3683    .data               inv_mpu.o
    0x200000a0   0x08007ae0   0x00000009   Data   RW         4163    .data               mpu6050.o
    0x200000a9   0x08007ae9   0x00000003   PAD
    0x200000ac        -       0x00000138   Zero   RW           18    .bss                main.o
    0x200001e4        -       0x00000028   Zero   RW          229    .bss                can.o
    0x2000020c        -       0x00000054   Zero   RW          271    .bss                i2c.o
    0x20000260        -       0x00000120   Zero   RW          319    .bss                tim.o
    0x20000380        -       0x000000d8   Zero   RW          393    .bss                usart.o
    0x20000458        -       0x00000010   Zero   RW         3998    .bss                inv_mpu_dmp_motion_driver.o
    0x20000468        -       0x00000060   Zero   RW         4519    .bss                c_w.l(libspace.o)
    0x200004c8        -       0x00000200   Zero   RW            2    HEAP                startup_stm32f103xb.o
    0x200006c8        -       0x00000400   Zero   RW            1    STACK               startup_stm32f103xb.o


==============================================================================

Image component sizes


      Code (inc. data)   RO Data    RW Data    ZI Data      Debug   Object Name

       208         22          0          0         40       1615   can.o
       132         10          0          0          0        891   gpio.o
       176         30          0          0         84       1613   i2c.o
      3072        160         82         44          0      19529   inv_mpu.o
      1966        106       3062          0         16      17495   inv_mpu_dmp_motion_driver.o
      1538        134         48        100        312     450521   main.o
       648         10          0          9          0       3262   mpu6050.o
       336          0          0          0          0       2838   pid.o
        64         26        236          0       1536        796   startup_stm32f103xb.o
       164         28          0         12          0       5805   stm32f1xx_hal.o
      1386          0          0          0          0      12964   stm32f1xx_hal_can.o
       198         14          0          0          0      28863   stm32f1xx_hal_cortex.o
       222          4          0          0          0       1735   stm32f1xx_hal_dma.o
       490         34          0          0          0       2856   stm32f1xx_hal_gpio.o
      2382         56          0          0          0      12862   stm32f1xx_hal_i2c.o
        60          8          0          0          0        846   stm32f1xx_hal_msp.o
      1240         84         18          0          0       5040   stm32f1xx_hal_rcc.o
      2044         56          0          0          0      17733   stm32f1xx_hal_tim.o
       192         12          0          0          0       3129   stm32f1xx_hal_tim_ex.o
      1554         10          0          0          0      10788   stm32f1xx_hal_uart.o
        80         30          0          0          0       5905   stm32f1xx_it.o
         2          0         24          4          0       1083   system_stm32f1xx.o
       864         80          0          0        288       5005   tim.o
       484         54          0          0        216       3000   usart.o

    ----------------------------------------------------------------------
     19532        968       3504        172       2492     616174   Object Totals
         0          0         32          0          0          0   (incl. Generated)
        30          0          2          3          0          0   (incl. Padding)

    ----------------------------------------------------------------------

      Code (inc. data)   RO Data    RW Data    ZI Data      Debug   Library Member Name

         8          0          0          0          0         68   __main.o
       104          0          0          0          0         84   __printf.o
         0          0          0          0          0          0   __rtentry.o
        12          0          0          0          0          0   __rtentry2.o
         6          0          0          0          0          0   __rtentry4.o
        52          8          0          0          0          0   __scatter.o
        26          0          0          0          0          0   __scatter_copy.o
        28          0          0          0          0          0   __scatter_zi.o
        48          6          0          0          0         96   _printf_char_common.o
         6          0          0          0          0          0   _printf_d.o
       120         16          0          0          0         92   _printf_dec.o
       178          0          0          0          0         88   _printf_intcommon.o
         0          0          0          0          0          0   _printf_percent.o
         4          0          0          0          0          0   _printf_percent_end.o
        22          0          0          0          0        100   _rserrno.o
        10          0          0          0          0         68   _sputc.o
        16          0          0          0          0         68   aeabi_memset.o
        18          0          0          0          0         80   exit.o
         6          0          0          0          0        152   heapauxi.o
         0          0          0          0          0          0   indicate_semi.o
         2          0          0          0          0          0   libinit.o
         2          0          0          0          0          0   libinit2.o
         2          0          0          0          0          0   libshutdown.o
         2          0          0          0          0          0   libshutdown2.o
         8          4          0          0         96         68   libspace.o
        88          0          0          0          0         76   memcmp.o
        40          6          0          0          0         84   noretval__2sprintf.o
         8          4          0          0          0         68   rt_errno_addr_intlibspace.o
        68          0          0          0          0         68   rt_memclr.o
        78          0          0          0          0         80   rt_memclr_w.o
         2          0          0          0          0          0   rtexit.o
        10          0          0          0          0          0   rtexit2.o
        62          0          0          0          0         76   strlen.o
        12          4          0          0          0         68   sys_exit.o
        74          0          0          0          0         80   sys_stackheap_outer.o
         2          0          0          0          0         68   use_no_semi.o
        98          4          0          0          0         92   d2f.o
       826         16          0          0          0        348   daddsub_clz.o
        16          4          0          0          0         68   dcheck1.o
        24          0          0          0          0         68   dcmpi.o
       688        140          0          0          0        208   ddiv.o
       120          4          0          0          0         92   deqf.o
        94          4          0          0          0         92   dfix.o
        46          0          0          0          0         68   dflt_clz.o
       340         12          0          0          0        104   dmul.o
       156          4          0          0          0         92   dnaninf.o
        12          0          0          0          0         68   dretinf.o
       460         56          0          0          0        120   dsqrt_noumaal.o
        86          4          0          0          0         84   f2d.o
       450          8          0          0          0        236   faddsub_clz.o
        12          4          0          0          0         68   fcheck1.o
        24          0          0          0          0         68   fcmpi.o
       388         76          0          0          0         96   fdiv.o
        54          4          0          0          0         84   ffix.o
        62          4          0          0          0         84   ffixu.o
        86          0          0          0          0        136   fflt_clz.o
       104          4          0          0          0         84   fleqf.o
       258          4          0          0          0         84   fmul.o
       140          4          0          0          0         84   fnaninf.o
        10          0          0          0          0         68   fretinf.o
        98          0          0          0          0         68   frleqf.o
       100          0          0          0          0         68   retnan.o
        92          0          0          0          0         68   scalbn.o
        76          0          0          0          0         68   scalbnf.o
        48          0          0          0          0         68   trapv.o
         0          0          0          0          0          0   usenofp.o
       624         52         80          0          0        168   asin.o
       544         70        152          0          0        124   atan.o
       412         38          0          0          0        144   atan2.o
        38          6          0          0          0        272   dunder.o
        40          0          0          0          0         68   fpclassify.o
       170          0          0          0          0         96   poly.o
         0          0          8          0          0          0   qnan.o
        76          0          0          0          0         84   sqrt.o

    ----------------------------------------------------------------------
      8020        570        240          0         96       5524   Library Totals
        24          0          0          0          0          0   (incl. Padding)

    ----------------------------------------------------------------------

      Code (inc. data)   RO Data    RW Data    ZI Data      Debug   Library Name

      1124         48          0          0         96       1632   c_w.l
      4968        356          0          0          0       2936   fz_ws.l
      1904        166        240          0          0        956   m_ws.l

    ----------------------------------------------------------------------
      8020        570        240          0         96       5524   Library Totals

    ----------------------------------------------------------------------

==============================================================================


      Code (inc. data)   RO Data    RW Data    ZI Data      Debug   

     27552       1538       3744        172       2588     610150   Grand Totals
     27552       1538       3744        172       2588     610150   ELF Image Totals
     27552       1538       3744        172          0          0   ROM Totals

==============================================================================

    Total RO  Size (Code + RO Data)                31296 (  30.56kB)
    Total RW  Size (RW Data + ZI Data)              2760 (   2.70kB)
    Total ROM Size (Code + RO Data + RW Data)      31468 (  30.73kB)

==============================================================================

